Flutter crash report.
Please report a bug at https://github.com/flutter/flutter/issues.

## command

flutter run --machine --start-paused -d macos --devtools-server-address http://127.0.0.1:9100/ --target /Users/antonio/xs/storage_problem/dart_flutter_packages/pkgs/xsoulspace_inference_core/example/lib/main.dart

## exception

ShaderCompilerException: ShaderCompilerException: The impellerc utility is missing at "/Users/antonio/fvm/versions/stable/bin/cache/artifacts/engine/darwin-x64/impellerc". Run "flutter doctor".



```
#0      ShaderCompiler.compileShader (package:flutter_tools/src/build_system/tools/shader_compiler.dart:169:7)
#1      DevelopmentShaderCompiler.recompileShader (package:flutter_tools/src/build_system/tools/shader_compiler.dart:68:50)
<asynchronous suspension>
#2      DevFS.update.<anonymous closure>.<anonymous closure> (package:flutter_tools/src/devfs.dart:671:26)
<asynchronous suspension>
```

## flutter doctor

```
[☠] Flutter (the doctor check crashed)
    ✗ Due to an error, the doctor check did not complete. If the error message below is not helpful, please let us know about this issue at https://github.com/flutter/flutter/issues.
    ✗ Exception: Could not find directory at /Users/antonio/fvm/versions/stable/bin/cache/dart-sdk/bin/resources/devtools
    • #0      Cache.devToolsVersion (package:flutter_tools/src/cache.dart:435:9)
      #1      _DefaultDoctorValidatorsProvider.validators.<anonymous closure> (package:flutter_tools/src/doctor.dart:95:46)
      #2      FlutterValidator.validateImpl (package:flutter_tools/src/doctor.dart:546:70)
      #3      DoctorValidator.validate (package:flutter_tools/src/doctor_validator.dart:58:43)
      #4      Doctor.startValidatorTasks.<anonymous closure> (package:flutter_tools/src/doctor.dart:200:72)
      #5      asyncGuard.<anonymous closure> (package:flutter_tools/src/base/async_guard.dart:108:32)
      #6      _rootRun (dart:async/zone_root.dart:35:13)
      #7      _CustomZone.run (dart:async/zone.dart:726:19)
      #8      _runZoned (dart:async/zone_api.dart:166:6)
      #9      runZonedGuarded (dart:async/zone_api.dart:152:12)
      #10     asyncGuard (package:flutter_tools/src/base/async_guard.dart:106:3)
      #11     Doctor.startValidatorTasks (package:flutter_tools/src/doctor.dart:190:9)
      #12     DoctorText._validatorTasks (package:flutter_tools/src/doctor.dart:828:60)
      #13     DoctorText._validatorTasks (package:flutter_tools/src/doctor.dart)
      #14     DoctorText._runDiagnosis (package:flutter_tools/src/doctor.dart:833:32)
      #15     DoctorText.text (package:flutter_tools/src/doctor.dart:824:36)
      #16     DoctorText.text (package:flutter_tools/src/doctor.dart)
      #17     _createLocalCrashReport (package:flutter_tools/runner.dart:326:51)
      #18     _handleToolErrorImpl (package:flutter_tools/runner.dart:287:31)
      <asynchronous suspension>
      #19     run.<anonymous closure>.<anonymous closure> (package:flutter_tools/runner.dart:139:9)
      <asynchronous suspension>


[✗] Android toolchain - develop for Android devices [181ms]
    ✗ Unable to locate Android SDK.
      Install Android Studio from: https://developer.android.com/studio/index.html
      On first launch it will assist you in installing the Android SDK components.
      (or visit https://flutter.dev/to/macos-android-setup for detailed instructions).
      If the Android SDK has been installed to a custom location, please use
      `flutter config --android-sdk` to update to that location.


[✓] Xcode - develop for iOS and macOS (Xcode 26.4.1) [1,921ms]
    • Xcode at /Applications/Xcode.app/Contents/Developer
    • Build 17E202
    • CocoaPods version 1.17.0

[✓] Chrome - develop for the web [8ms]
    • Chrome at /Applications/Google Chrome.app/Contents/MacOS/Google Chrome

[✓] Connected device (2 available) [8.6s]
    • macOS (desktop) • macos  • darwin-arm64   • macOS 26.5.2 25F84 darwin-arm64
    • Chrome (web)    • chrome • web-javascript • Google Chrome 150.0.7871.115

[✓] Network resources [1,267ms]
    • All expected network resources are available.

! Doctor found issues in 2 categories.
```
