coding_agent run — task: wave_yaml_edit_key
  backend: apple_foundation_afm
  verdict: FAIL
  overhead tokens (system+schemas): 2268
  decisions: 7
  tool rounds (thread beats): 7
  moves: {repo_etl.scan: 7}
  projection tokens (honest spend, Situation.tokensUsed): 22326
  meaning nodes: 20, edges: 20
  wall clock: 403097 ms
  final gate (outer oracle, once): FAIL
    check: dart test exit=1:
    check: missing from config.yaml: [max_attempts: 5]
    check: all values present in config.yaml
    check: forbidden values present in config.yaml: [max_attempts: 3]
  failure class: final gate: dart test exit=1: | missing from config.yaml: [max_attempts: 5] | forbidden values present in config.yaml: [max_attempts: 3]
--- harness pulse (J1.5.3) ---
tick 7 | decisions 0 | in-flight 0 | pending results 0
⚠ actor agent-1788736685886050-0: goal-attempt budget exhausted — goal_unverifiable: 3 failed verification attempts (budget 3). Last failure: dart test exit=1: | missing from config.yaml: [max_attempts: 5] | all values present in config.yaml | forbidden values present in config.yaml: [max_attempts: 3]
— agent-1788736685886050-0  [idle]  rounds 0/12 (Σ0)  attempts 3/3 EXHAUSTED
    last: repo_etl:{"action":"scan"} → ok
--- flight recorder ---
FlightRecorder: 256 pulse(s), ticks 106750..132113
tick 130293: decisions=1 inFlight=1 pending=0 actors=agent-1788736685886050-0:0r/3a
    agent-1788736685886050-0 ← : "Your previous attempt did not satisfy verification (attempt 3/3).
Failing:
dart test exit=1:
missing from config.yaml…"
tick 130393: decisions=1 inFlight=1 pending=0 actors=agent-1788736685886050-0:0r/3a
    agent-1788736685886050-0 ← : "Your previous attempt did not satisfy verification (attempt 3/3).
Failing:
dart test exit=1:
missing from config.yaml…"
tick 130493: decisions=1 inFlight=1 pending=0 actors=agent-1788736685886050-0:0r/3a
    agent-1788736685886050-0 ← : "Your previous attempt did not satisfy verification (attempt 3/3).
Failing:
dart test exit=1:
missing from config.yaml…"
tick 130593: decisions=1 inFlight=1 pending=0 actors=agent-1788736685886050-0:0r/3a
    agent-1788736685886050-0 ← : "Your previous attempt did not satisfy verification (attempt 3/3).
Failing:
dart test exit=1:
missing from config.yaml…"
tick 130693: decisions=1 inFlight=1 pending=0 actors=agent-1788736685886050-0:0r/3a
    agent-1788736685886050-0 ← : "Your previous attempt did not satisfy verification (attempt 3/3).
Failing:
dart test exit=1:
missing from config.yaml…"
tick 130793: decisions=1 inFlight=1 pending=0 actors=agent-1788736685886050-0:0r/3a
    agent-1788736685886050-0 ← : "Your previous attempt did not satisfy verification (attempt 3/3).
Failing:
dart test exit=1:
missing from config.yaml…"
tick 130893: decisions=1 inFlight=1 pending=0 actors=agent-1788736685886050-0:0r/3a
    agent-1788736685886050-0 ← : "Your previous attempt did not satisfy verification (attempt 3/3).
Failing:
dart test exit=1:
missing from config.yaml…"
tick 130993: decisions=1 inFlight=1 pending=0 actors=agent-1788736685886050-0:0r/3a
    agent-1788736685886050-0 ← : "Your previous attempt did not satisfy verification (attempt 3/3).
Failing:
dart test exit=1:
missing from config.yaml…"
tick 131093: decisions=1 inFlight=1 pending=0 actors=agent-1788736685886050-0:0r/3a
    agent-1788736685886050-0 ← : "Your previous attempt did not satisfy verification (attempt 3/3).
Failing:
dart test exit=1:
missing from config.yaml…"
tick 131193: decisions=1 inFlight=1 pending=0 actors=agent-1788736685886050-0:0r/3a
    agent-1788736685886050-0 ← : "Your previous attempt did not satisfy verification (attempt 3/3).
Failing:
dart test exit=1:
missing from config.yaml…"
tick 131293: decisions=1 inFlight=1 pending=0 actors=agent-1788736685886050-0:0r/3a
    agent-1788736685886050-0 ← : "Your previous attempt did not satisfy verification (attempt 3/3).
Failing:
dart test exit=1:
missing from config.yaml…"
tick 131393: decisions=1 inFlight=1 pending=0 actors=agent-1788736685886050-0:0r/3a
    agent-1788736685886050-0 ← : "Your previous attempt did not satisfy verification (attempt 3/3).
Failing:
dart test exit=1:
missing from config.yaml…"
tick 131493: decisions=1 inFlight=1 pending=0 actors=agent-1788736685886050-0:0r/3a
    agent-1788736685886050-0 ← : "Your previous attempt did not satisfy verification (attempt 3/3).
Failing:
dart test exit=1:
missing from config.yaml…"
tick 131593: decisions=1 inFlight=1 pending=0 actors=agent-1788736685886050-0:0r/3a
    agent-1788736685886050-0 ← : "Your previous attempt did not satisfy verification (attempt 3/3).
Failing:
dart test exit=1:
missing from config.yaml…"
tick 131693: decisions=1 inFlight=1 pending=0 actors=agent-1788736685886050-0:0r/3a
    agent-1788736685886050-0 ← : "Your previous attempt did not satisfy verification (attempt 3/3).
Failing:
dart test exit=1:
missing from config.yaml…"
tick 131793: decisions=1 inFlight=1 pending=0 actors=agent-1788736685886050-0:0r/3a
    agent-1788736685886050-0 ← : "Your previous attempt did not satisfy verification (attempt 3/3).
Failing:
dart test exit=1:
missing from config.yaml…"
tick 131893: decisions=1 inFlight=1 pending=0 actors=agent-1788736685886050-0:0r/3a
    agent-1788736685886050-0 ← : "Your previous attempt did not satisfy verification (attempt 3/3).
Failing:
dart test exit=1:
missing from config.yaml…"
tick 131993: decisions=1 inFlight=1 pending=0 actors=agent-1788736685886050-0:0r/3a
    agent-1788736685886050-0 ← : "Your previous attempt did not satisfy verification (attempt 3/3).
Failing:
dart test exit=1:
missing from config.yaml…"
tick 132093: decisions=1 inFlight=1 pending=0 actors=agent-1788736685886050-0:0r/3a
    agent-1788736685886050-0 ← : "Your previous attempt did not satisfy verification (attempt 3/3).
Failing:
dart test exit=1:
missing from config.yaml…"
tick 132113: decisions=0 inFlight=0 pending=0 actors=agent-1788736685886050-0:0r/3a


--- tool results (truncated per beat) ---
repo_etl: {"ok":true,"files":4,"dirs":2,"dart_files":1,"symbols":1,"edges":3,"capabilities":0,"vcs":{"status":"not_a_repo","nodes":0},"note":"tree is world state (code graph + fs tier) — use meaning_zoom / meaning_impact to read it; it is re-derivabl
repo_etl: {"ok":true,"already_built":true,"refreshed_files":0,"symbols_touched":0,"files":4,"fs_added":0,"fs_dropped":0,"capabilities":0,"vcs":{"status":"not_a_repo","nodes":0},"note":"the tree was already built — reconciled to current (zero model to
repo_etl: {"ok":true,"already_built":true,"refreshed_files":0,"symbols_touched":0,"files":4,"fs_added":0,"fs_dropped":0,"capabilities":0,"vcs":{"status":"not_a_repo","nodes":0},"note":"the tree was already built — reconciled to current (zero model to
repo_etl: {"ok":true,"already_built":true,"refreshed_files":0,"symbols_touched":0,"files":4,"fs_added":0,"fs_dropped":0,"capabilities":0,"vcs":{"status":"not_a_repo","nodes":0},"note":"the tree was already built — reconciled to current (zero model to
repo_etl: {"ok":true,"already_built":true,"refreshed_files":0,"symbols_touched":0,"files":4,"fs_added":0,"fs_dropped":0,"capabilities":0,"vcs":{"status":"not_a_repo","nodes":0},"note":"the tree was already built — reconciled to current (zero model to
repo_etl: {"ok":true,"already_built":true,"refreshed_files":0,"symbols_touched":0,"files":4,"fs_added":0,"fs_dropped":0,"capabilities":0,"vcs":{"status":"not_a_repo","nodes":0},"note":"the tree was already built — reconciled to current (zero model to
repo_etl: {"ok":true,"already_built":true,"refreshed_files":0,"symbols_touched":0,"files":4,"fs_added":0,"fs_dropped":0,"capabilities":0,"vcs":{"status":"not_a_repo","nodes":0},"note":"the tree was already built — reconciled to current (zero model to

coding_agent run — task: wave_yaml_keypath
  backend: apple_foundation_afm
  verdict: FAIL
  overhead tokens (system+schemas): 1473
  decisions: 3
  tool rounds (thread beats): 2
  moves: {repo_etl.scan: 2}
  projection tokens (honest spend, Situation.tokensUsed): 6176
  meaning nodes: 22, edges: 22
  wall clock: 125614 ms
  final gate (outer oracle, once): FAIL
    check: dart test exit=1:
    check: missing from config.yaml: [max_attempts: 5]
    check: all values present in config.yaml
    check: forbidden values present in config.yaml: [max_attempts: 3]
  failure class: final gate: dart test exit=1: | missing from config.yaml: [max_attempts: 5] | forbidden values present in config.yaml: [max_attempts: 3]
--- harness pulse (J1.5.3) ---
tick 3 | decisions 0 | in-flight 0 | pending results 0
⚠ actor agent-1788822441832774-0: goal-attempt budget exhausted — goal_unverifiable: 1 failed verification attempts (budget 1). Last failure: dart test exit=1: | missing from config.yaml: [max_attempts: 5] | all values present in config.yaml | forbidden values present in config.yaml: [max_attempts: 3]
— agent-1788822441832774-0  [idle via react_continuation]  rounds 2/12 (Σ1)  attempts 1/3 EXHAUSTED
    last: repo_etl:{"action":"scan"} → ok
--- flight recorder ---
FlightRecorder: 256 pulse(s), ticks 8655..34135
tick 32255: decisions=1 inFlight=1 pending=0 actors=agent-1788822441832774-0:1r/1a
    agent-1788822441832774-0 ← react_continuation: "Your `repo_etl` tool call returned: <result|repo_etl|{"ok":true,"already_built":true,"refreshed_files":0,"symbols_tou…"
tick 32355: decisions=1 inFlight=1 pending=0 actors=agent-1788822441832774-0:1r/1a
    agent-1788822441832774-0 ← react_continuation: "Your `repo_etl` tool call returned: <result|repo_etl|{"ok":true,"already_built":true,"refreshed_files":0,"symbols_tou…"
tick 32455: decisions=1 inFlight=1 pending=0 actors=agent-1788822441832774-0:1r/1a
    agent-1788822441832774-0 ← react_continuation: "Your `repo_etl` tool call returned: <result|repo_etl|{"ok":true,"already_built":true,"refreshed_files":0,"symbols_tou…"
tick 32555: decisions=1 inFlight=1 pending=0 actors=agent-1788822441832774-0:1r/1a
    agent-1788822441832774-0 ← react_continuation: "Your `repo_etl` tool call returned: <result|repo_etl|{"ok":true,"already_built":true,"refreshed_files":0,"symbols_tou…"
tick 32655: decisions=1 inFlight=1 pending=0 actors=agent-1788822441832774-0:1r/1a
    agent-1788822441832774-0 ← react_continuation: "Your `repo_etl` tool call returned: <result|repo_etl|{"ok":true,"already_built":true,"refreshed_files":0,"symbols_tou…"
tick 32755: decisions=1 inFlight=1 pending=0 actors=agent-1788822441832774-0:1r/1a
    agent-1788822441832774-0 ← react_continuation: "Your `repo_etl` tool call returned: <result|repo_etl|{"ok":true,"already_built":true,"refreshed_files":0,"symbols_tou…"
tick 32855: decisions=1 inFlight=1 pending=0 actors=agent-1788822441832774-0:1r/1a
    agent-1788822441832774-0 ← react_continuation: "Your `repo_etl` tool call returned: <result|repo_etl|{"ok":true,"already_built":true,"refreshed_files":0,"symbols_tou…"
tick 32955: decisions=1 inFlight=1 pending=0 actors=agent-1788822441832774-0:1r/1a
    agent-1788822441832774-0 ← react_continuation: "Your `repo_etl` tool call returned: <result|repo_etl|{"ok":true,"already_built":true,"refreshed_files":0,"symbols_tou…"
tick 33055: decisions=1 inFlight=1 pending=0 actors=agent-1788822441832774-0:1r/1a
    agent-1788822441832774-0 ← react_continuation: "Your `repo_etl` tool call returned: <result|repo_etl|{"ok":true,"already_built":true,"refreshed_files":0,"symbols_tou…"
tick 33155: decisions=1 inFlight=1 pending=0 actors=agent-1788822441832774-0:1r/1a
    agent-1788822441832774-0 ← react_continuation: "Your `repo_etl` tool call returned: <result|repo_etl|{"ok":true,"already_built":true,"refreshed_files":0,"symbols_tou…"
tick 33255: decisions=1 inFlight=1 pending=0 actors=agent-1788822441832774-0:1r/1a
    agent-1788822441832774-0 ← react_continuation: "Your `repo_etl` tool call returned: <result|repo_etl|{"ok":true,"already_built":true,"refreshed_files":0,"symbols_tou…"
tick 33355: decisions=1 inFlight=1 pending=0 actors=agent-1788822441832774-0:1r/1a
    agent-1788822441832774-0 ← react_continuation: "Your `repo_etl` tool call returned: <result|repo_etl|{"ok":true,"already_built":true,"refreshed_files":0,"symbols_tou…"
tick 33455: decisions=1 inFlight=1 pending=0 actors=agent-1788822441832774-0:1r/1a
    agent-1788822441832774-0 ← react_continuation: "Your `repo_etl` tool call returned: <result|repo_etl|{"ok":true,"already_built":true,"refreshed_files":0,"symbols_tou…"
tick 33555: decisions=1 inFlight=1 pending=0 actors=agent-1788822441832774-0:1r/1a
    agent-1788822441832774-0 ← react_continuation: "Your `repo_etl` tool call returned: <result|repo_etl|{"ok":true,"already_built":true,"refreshed_files":0,"symbols_tou…"
tick 33655: decisions=1 inFlight=1 pending=0 actors=agent-1788822441832774-0:1r/1a
    agent-1788822441832774-0 ← react_continuation: "Your `repo_etl` tool call returned: <result|repo_etl|{"ok":true,"already_built":true,"refreshed_files":0,"symbols_tou…"
tick 33755: decisions=1 inFlight=1 pending=0 actors=agent-1788822441832774-0:1r/1a
    agent-1788822441832774-0 ← react_continuation: "Your `repo_etl` tool call returned: <result|repo_etl|{"ok":true,"already_built":true,"refreshed_files":0,"symbols_tou…"
tick 33855: decisions=1 inFlight=1 pending=0 actors=agent-1788822441832774-0:1r/1a
    agent-1788822441832774-0 ← react_continuation: "Your `repo_etl` tool call returned: <result|repo_etl|{"ok":true,"already_built":true,"refreshed_files":0,"symbols_tou…"
tick 33955: decisions=1 inFlight=1 pending=0 actors=agent-1788822441832774-0:1r/1a
    agent-1788822441832774-0 ← react_continuation: "Your `repo_etl` tool call returned: <result|repo_etl|{"ok":true,"already_built":true,"refreshed_files":0,"symbols_tou…"
tick 34055: decisions=1 inFlight=1 pending=0 actors=agent-1788822441832774-0:1r/1a
    agent-1788822441832774-0 ← react_continuation: "Your `repo_etl` tool call returned: <result|repo_etl|{"ok":true,"already_built":true,"refreshed_files":0,"symbols_tou…"
tick 34135: decisions=0 inFlight=0 pending=0 actors=agent-1788822441832774-0:2r/1a


--- tool results (truncated per beat) ---
repo_etl: {"ok":true,"files":4,"dirs":2,"dart_files":1,"symbols":1,"edges":3,"capabilities":0,"vcs":{"status":"not_a_repo","nodes":0},"note":"tree is world state (code graph + fs tier) — use the meaning_program read ops to read it; it is re-derivable
repo_etl: {"ok":true,"already_built":true,"refreshed_files":0,"symbols_touched":0,"files":4,"fs_added":0,"fs_dropped":0,"capabilities":0,"vcs":{"status":"not_a_repo","nodes":0},"note":"the tree was already built — reconciled to current (zero model to

