coding_agent run — task: wave_task_grammar
  backend: apple_foundation_afm
  verdict: FAIL
  overhead tokens (system+schemas): 2268
  decisions: 3
  tool rounds (thread beats): 3
  moves: {meaning_zoom: 2, repo_etl.scan: 1}
  projection tokens (honest spend, Situation.tokensUsed): 9929
  meaning nodes: 16, edges: 20
  wall clock: 128011 ms
  final gate (outer oracle, once): FAIL
    check: dart test exit=1:
  failure class: final gate: dart test exit=1:
--- harness pulse (J1.5.3) ---
tick 3 | decisions 0 | in-flight 0 | pending results 0
⚠ actor agent-1788734093954266-0: goal-attempt budget exhausted — goal_unverifiable: 1 failed verification attempts (budget 1). Last failure: dart test exit=1:
— agent-1788734093954266-0  [idle]  rounds 0/12 (Σ0)  attempts 1/3 EXHAUSTED
    last: repo_etl:{"action":"scan"} → FAILED
      error: {"ok":false,"error":"tree already built — use action refresh","files":4}
--- flight recorder ---
FlightRecorder: 256 pulse(s), ticks 16699..42069
tick 40208: decisions=1 inFlight=1 pending=0 actors=agent-1788734093954266-0:0r/1a
    agent-1788734093954266-0 ← : "Error: backend_failed. Retry with tighter context."
tick 40308: decisions=1 inFlight=1 pending=0 actors=agent-1788734093954266-0:0r/1a
    agent-1788734093954266-0 ← : "Error: backend_failed. Retry with tighter context."
tick 40408: decisions=1 inFlight=1 pending=0 actors=agent-1788734093954266-0:0r/1a
    agent-1788734093954266-0 ← : "Error: backend_failed. Retry with tighter context."
tick 40508: decisions=1 inFlight=1 pending=0 actors=agent-1788734093954266-0:0r/1a
    agent-1788734093954266-0 ← : "Error: backend_failed. Retry with tighter context."
tick 40608: decisions=1 inFlight=1 pending=0 actors=agent-1788734093954266-0:0r/1a
    agent-1788734093954266-0 ← : "Error: backend_failed. Retry with tighter context."
tick 40708: decisions=1 inFlight=1 pending=0 actors=agent-1788734093954266-0:0r/1a
    agent-1788734093954266-0 ← : "Error: backend_failed. Retry with tighter context."
tick 40808: decisions=1 inFlight=1 pending=0 actors=agent-1788734093954266-0:0r/1a
    agent-1788734093954266-0 ← : "Error: backend_failed. Retry with tighter context."
tick 40908: decisions=1 inFlight=1 pending=0 actors=agent-1788734093954266-0:0r/1a
    agent-1788734093954266-0 ← : "Error: backend_failed. Retry with tighter context."
tick 41008: decisions=1 inFlight=1 pending=0 actors=agent-1788734093954266-0:0r/1a
    agent-1788734093954266-0 ← : "Error: backend_failed. Retry with tighter context."
tick 41108: decisions=1 inFlight=1 pending=0 actors=agent-1788734093954266-0:0r/1a
    agent-1788734093954266-0 ← : "Error: backend_failed. Retry with tighter context."
tick 41208: decisions=1 inFlight=1 pending=0 actors=agent-1788734093954266-0:0r/1a
    agent-1788734093954266-0 ← : "Error: backend_failed. Retry with tighter context."
tick 41308: decisions=1 inFlight=1 pending=0 actors=agent-1788734093954266-0:0r/1a
    agent-1788734093954266-0 ← : "Error: backend_failed. Retry with tighter context."
tick 41408: decisions=1 inFlight=1 pending=0 actors=agent-1788734093954266-0:0r/1a
    agent-1788734093954266-0 ← : "Error: backend_failed. Retry with tighter context."
tick 41508: decisions=1 inFlight=1 pending=0 actors=agent-1788734093954266-0:0r/1a
    agent-1788734093954266-0 ← : "Error: backend_failed. Retry with tighter context."
tick 41608: decisions=1 inFlight=1 pending=0 actors=agent-1788734093954266-0:0r/1a
    agent-1788734093954266-0 ← : "Error: backend_failed. Retry with tighter context."
tick 41708: decisions=1 inFlight=1 pending=0 actors=agent-1788734093954266-0:0r/1a
    agent-1788734093954266-0 ← : "Error: backend_failed. Retry with tighter context."
tick 41808: decisions=1 inFlight=1 pending=0 actors=agent-1788734093954266-0:0r/1a
    agent-1788734093954266-0 ← : "Error: backend_failed. Retry with tighter context."
tick 41908: decisions=1 inFlight=1 pending=0 actors=agent-1788734093954266-0:0r/1a
    agent-1788734093954266-0 ← : "Error: backend_failed. Retry with tighter context."
tick 42008: decisions=1 inFlight=1 pending=0 actors=agent-1788734093954266-0:0r/1a
    agent-1788734093954266-0 ← : "Error: backend_failed. Retry with tighter context."
tick 42069: decisions=0 inFlight=0 pending=0 actors=agent-1788734093954266-0:0r/1a


coding_agent run — task: wave_task_grammar
  backend: apple_foundation_afm
  verdict: FAIL
  overhead tokens (system+schemas): 2268
  decisions: 7
  tool rounds (thread beats): 7
  moves: {run: 1, repo_etl.scan: 3, meaning_locate: 1, meaning_zoom: 2}
  projection tokens (honest spend, Situation.tokensUsed): 23987
  meaning nodes: 16, edges: 20
  wall clock: 298741 ms
  final gate (outer oracle, once): FAIL
    check: dart test exit=1:
  failure class: final gate: dart test exit=1:
--- harness pulse (J1.5.3) ---
tick 7 | decisions 0 | in-flight 0 | pending results 0
⚠ actor agent-1788734318590627-0: goal-attempt budget exhausted — goal_unverifiable: 3 failed verification attempts (budget 3). Last failure: dart test exit=1:
— agent-1788734318590627-0  [idle]  rounds 0/12 (Σ0)  attempts 3/3 EXHAUSTED
    last: repo_etl:{"action":"scan"} → FAILED
      error: {"ok":false,"error":"tree already built — use action refresh","files":4}
--- flight recorder ---
FlightRecorder: 256 pulse(s), ticks 72134..97520
tick 95650: decisions=1 inFlight=1 pending=0 actors=agent-1788734318590627-0:0r/3a
    agent-1788734318590627-0 ← : "Error: backend_failed. Retry with tighter context."
tick 95750: decisions=1 inFlight=1 pending=0 actors=agent-1788734318590627-0:0r/3a
    agent-1788734318590627-0 ← : "Error: backend_failed. Retry with tighter context."
tick 95850: decisions=1 inFlight=1 pending=0 actors=agent-1788734318590627-0:0r/3a
    agent-1788734318590627-0 ← : "Error: backend_failed. Retry with tighter context."
tick 95950: decisions=1 inFlight=1 pending=0 actors=agent-1788734318590627-0:0r/3a
    agent-1788734318590627-0 ← : "Error: backend_failed. Retry with tighter context."
tick 96050: decisions=1 inFlight=1 pending=0 actors=agent-1788734318590627-0:0r/3a
    agent-1788734318590627-0 ← : "Error: backend_failed. Retry with tighter context."
tick 96150: decisions=1 inFlight=1 pending=0 actors=agent-1788734318590627-0:0r/3a
    agent-1788734318590627-0 ← : "Error: backend_failed. Retry with tighter context."
tick 96250: decisions=1 inFlight=1 pending=0 actors=agent-1788734318590627-0:0r/3a
    agent-1788734318590627-0 ← : "Error: backend_failed. Retry with tighter context."
tick 96350: decisions=1 inFlight=1 pending=0 actors=agent-1788734318590627-0:0r/3a
    agent-1788734318590627-0 ← : "Error: backend_failed. Retry with tighter context."
tick 96450: decisions=1 inFlight=1 pending=0 actors=agent-1788734318590627-0:0r/3a
    agent-1788734318590627-0 ← : "Error: backend_failed. Retry with tighter context."
tick 96550: decisions=1 inFlight=1 pending=0 actors=agent-1788734318590627-0:0r/3a
    agent-1788734318590627-0 ← : "Error: backend_failed. Retry with tighter context."
tick 96650: decisions=1 inFlight=1 pending=0 actors=agent-1788734318590627-0:0r/3a
    agent-1788734318590627-0 ← : "Error: backend_failed. Retry with tighter context."
tick 96750: decisions=1 inFlight=1 pending=0 actors=agent-1788734318590627-0:0r/3a
    agent-1788734318590627-0 ← : "Error: backend_failed. Retry with tighter context."
tick 96850: decisions=1 inFlight=1 pending=0 actors=agent-1788734318590627-0:0r/3a
    agent-1788734318590627-0 ← : "Error: backend_failed. Retry with tighter context."
tick 96950: decisions=1 inFlight=1 pending=0 actors=agent-1788734318590627-0:0r/3a
    agent-1788734318590627-0 ← : "Error: backend_failed. Retry with tighter context."
tick 97050: decisions=1 inFlight=1 pending=0 actors=agent-1788734318590627-0:0r/3a
    agent-1788734318590627-0 ← : "Error: backend_failed. Retry with tighter context."
tick 97150: decisions=1 inFlight=1 pending=0 actors=agent-1788734318590627-0:0r/3a
    agent-1788734318590627-0 ← : "Error: backend_failed. Retry with tighter context."
tick 97250: decisions=1 inFlight=1 pending=0 actors=agent-1788734318590627-0:0r/3a
    agent-1788734318590627-0 ← : "Error: backend_failed. Retry with tighter context."
tick 97350: decisions=1 inFlight=1 pending=0 actors=agent-1788734318590627-0:0r/3a
    agent-1788734318590627-0 ← : "Error: backend_failed. Retry with tighter context."
tick 97450: decisions=1 inFlight=1 pending=0 actors=agent-1788734318590627-0:0r/3a
    agent-1788734318590627-0 ← : "Error: backend_failed. Retry with tighter context."
tick 97520: decisions=0 inFlight=0 pending=0 actors=agent-1788734318590627-0:0r/3a


coding_agent run — task: wave_task_grammar
  backend: apple_foundation_afm
  verdict: FAIL
  overhead tokens (system+schemas): 2268
  decisions: 7
  tool rounds (thread beats): 7
  moves: {edit_symbol.apply_executable: 1, repo_etl.scan: 3, meaning_zoom: 2, meaning_locate: 1}
  projection tokens (honest spend, Situation.tokensUsed): 21603
  meaning nodes: 16, edges: 20
  wall clock: 271653 ms
  final gate (outer oracle, once): FAIL
    check: dart test exit=1:
  failure class: final gate: dart test exit=1:
--- harness pulse (J1.5.3) ---
tick 7 | decisions 0 | in-flight 0 | pending results 0
⚠ actor agent-1788734889431012-0: goal-attempt budget exhausted — goal_unverifiable: 3 failed verification attempts (budget 3). Last failure: dart test exit=1:
— agent-1788734889431012-0  [idle]  rounds 0/12 (Σ0)  attempts 3/3 EXHAUSTED
    last: repo_etl:{"action":"scan"} → FAILED
      error: {"ok":false,"error":"tree already built — use action refresh","files":4}
--- flight recorder ---
FlightRecorder: 256 pulse(s), ticks 65757..91166
tick 89267: decisions=1 inFlight=1 pending=0 actors=agent-1788734889431012-0:0r/3a
    agent-1788734889431012-0 ← : "Error: backend_failed. Retry with tighter context."
tick 89367: decisions=1 inFlight=1 pending=0 actors=agent-1788734889431012-0:0r/3a
    agent-1788734889431012-0 ← : "Error: backend_failed. Retry with tighter context."
tick 89467: decisions=1 inFlight=1 pending=0 actors=agent-1788734889431012-0:0r/3a
    agent-1788734889431012-0 ← : "Error: backend_failed. Retry with tighter context."
tick 89567: decisions=1 inFlight=1 pending=0 actors=agent-1788734889431012-0:0r/3a
    agent-1788734889431012-0 ← : "Error: backend_failed. Retry with tighter context."
tick 89667: decisions=1 inFlight=1 pending=0 actors=agent-1788734889431012-0:0r/3a
    agent-1788734889431012-0 ← : "Error: backend_failed. Retry with tighter context."
tick 89767: decisions=1 inFlight=1 pending=0 actors=agent-1788734889431012-0:0r/3a
    agent-1788734889431012-0 ← : "Error: backend_failed. Retry with tighter context."
tick 89867: decisions=1 inFlight=1 pending=0 actors=agent-1788734889431012-0:0r/3a
    agent-1788734889431012-0 ← : "Error: backend_failed. Retry with tighter context."
tick 89967: decisions=1 inFlight=1 pending=0 actors=agent-1788734889431012-0:0r/3a
    agent-1788734889431012-0 ← : "Error: backend_failed. Retry with tighter context."
tick 90067: decisions=1 inFlight=1 pending=0 actors=agent-1788734889431012-0:0r/3a
    agent-1788734889431012-0 ← : "Error: backend_failed. Retry with tighter context."
tick 90167: decisions=1 inFlight=1 pending=0 actors=agent-1788734889431012-0:0r/3a
    agent-1788734889431012-0 ← : "Error: backend_failed. Retry with tighter context."
tick 90267: decisions=1 inFlight=1 pending=0 actors=agent-1788734889431012-0:0r/3a
    agent-1788734889431012-0 ← : "Error: backend_failed. Retry with tighter context."
tick 90367: decisions=1 inFlight=1 pending=0 actors=agent-1788734889431012-0:0r/3a
    agent-1788734889431012-0 ← : "Error: backend_failed. Retry with tighter context."
tick 90467: decisions=1 inFlight=1 pending=0 actors=agent-1788734889431012-0:0r/3a
    agent-1788734889431012-0 ← : "Error: backend_failed. Retry with tighter context."
tick 90567: decisions=1 inFlight=1 pending=0 actors=agent-1788734889431012-0:0r/3a
    agent-1788734889431012-0 ← : "Error: backend_failed. Retry with tighter context."
tick 90667: decisions=1 inFlight=1 pending=0 actors=agent-1788734889431012-0:0r/3a
    agent-1788734889431012-0 ← : "Error: backend_failed. Retry with tighter context."
tick 90767: decisions=1 inFlight=1 pending=0 actors=agent-1788734889431012-0:0r/3a
    agent-1788734889431012-0 ← : "Error: backend_failed. Retry with tighter context."
tick 90867: decisions=1 inFlight=1 pending=0 actors=agent-1788734889431012-0:0r/3a
    agent-1788734889431012-0 ← : "Error: backend_failed. Retry with tighter context."
tick 90967: decisions=1 inFlight=1 pending=0 actors=agent-1788734889431012-0:0r/3a
    agent-1788734889431012-0 ← : "Error: backend_failed. Retry with tighter context."
tick 91067: decisions=1 inFlight=1 pending=0 actors=agent-1788734889431012-0:0r/3a
    agent-1788734889431012-0 ← : "Error: backend_failed. Retry with tighter context."
tick 91166: decisions=0 inFlight=0 pending=0 actors=agent-1788734889431012-0:0r/3a


coding_agent run — task: wave_task_grammar
  backend: apple_foundation_afm
  verdict: PASS
  overhead tokens (system+schemas): 2268
  decisions: 1
  tool rounds (thread beats): 1
  moves: {edit_symbol.apply_executable: 1}
  projection tokens (honest spend, Situation.tokensUsed): 2864
  meaning nodes: 16, edges: 20
  wall clock: 49551 ms
  final gate (outer oracle, once): PASS
    check: dart test exit=0
  failure class: -
--- harness pulse (J1.5.3) ---
tick 1 | decisions 0 | in-flight 0 | pending results 0
— agent-1788735291116468-0  [idle]  rounds 0/12 (Σ0)
    last: edit_symbol:{"action":"apply_executable","symbolId":"sym_lib_loop.dar… → ok
--- flight recorder ---
FlightRecorder: 163 pulse(s), ticks 99..16281
tick 14399: decisions=1 inFlight=1 pending=0 actors=agent-1788735291116468-0:0r/0a
    agent-1788735291116468-0 ← : "READY MOVE — execute this harness_edit call NOW with EXACTLY these args. Do NOT scan (the meaning tree is already bui…"
tick 14499: decisions=1 inFlight=1 pending=0 actors=agent-1788735291116468-0:0r/0a
    agent-1788735291116468-0 ← : "READY MOVE — execute this harness_edit call NOW with EXACTLY these args. Do NOT scan (the meaning tree is already bui…"
tick 14599: decisions=1 inFlight=1 pending=0 actors=agent-1788735291116468-0:0r/0a
    agent-1788735291116468-0 ← : "READY MOVE — execute this harness_edit call NOW with EXACTLY these args. Do NOT scan (the meaning tree is already bui…"
tick 14699: decisions=1 inFlight=1 pending=0 actors=agent-1788735291116468-0:0r/0a
    agent-1788735291116468-0 ← : "READY MOVE — execute this harness_edit call NOW with EXACTLY these args. Do NOT scan (the meaning tree is already bui…"
tick 14799: decisions=1 inFlight=1 pending=0 actors=agent-1788735291116468-0:0r/0a
    agent-1788735291116468-0 ← : "READY MOVE — execute this harness_edit call NOW with EXACTLY these args. Do NOT scan (the meaning tree is already bui…"
tick 14899: decisions=1 inFlight=1 pending=0 actors=agent-1788735291116468-0:0r/0a
    agent-1788735291116468-0 ← : "READY MOVE — execute this harness_edit call NOW with EXACTLY these args. Do NOT scan (the meaning tree is already bui…"
tick 14999: decisions=1 inFlight=1 pending=0 actors=agent-1788735291116468-0:0r/0a
    agent-1788735291116468-0 ← : "READY MOVE — execute this harness_edit call NOW with EXACTLY these args. Do NOT scan (the meaning tree is already bui…"
tick 15099: decisions=1 inFlight=1 pending=0 actors=agent-1788735291116468-0:0r/0a
    agent-1788735291116468-0 ← : "READY MOVE — execute this harness_edit call NOW with EXACTLY these args. Do NOT scan (the meaning tree is already bui…"
tick 15199: decisions=1 inFlight=1 pending=0 actors=agent-1788735291116468-0:0r/0a
    agent-1788735291116468-0 ← : "READY MOVE — execute this harness_edit call NOW with EXACTLY these args. Do NOT scan (the meaning tree is already bui…"
tick 15299: decisions=1 inFlight=1 pending=0 actors=agent-1788735291116468-0:0r/0a
    agent-1788735291116468-0 ← : "READY MOVE — execute this harness_edit call NOW with EXACTLY these args. Do NOT scan (the meaning tree is already bui…"
tick 15399: decisions=1 inFlight=1 pending=0 actors=agent-1788735291116468-0:0r/0a
    agent-1788735291116468-0 ← : "READY MOVE — execute this harness_edit call NOW with EXACTLY these args. Do NOT scan (the meaning tree is already bui…"
tick 15499: decisions=1 inFlight=1 pending=0 actors=agent-1788735291116468-0:0r/0a
    agent-1788735291116468-0 ← : "READY MOVE — execute this harness_edit call NOW with EXACTLY these args. Do NOT scan (the meaning tree is already bui…"
tick 15599: decisions=1 inFlight=1 pending=0 actors=agent-1788735291116468-0:0r/0a
    agent-1788735291116468-0 ← : "READY MOVE — execute this harness_edit call NOW with EXACTLY these args. Do NOT scan (the meaning tree is already bui…"
tick 15699: decisions=1 inFlight=1 pending=0 actors=agent-1788735291116468-0:0r/0a
    agent-1788735291116468-0 ← : "READY MOVE — execute this harness_edit call NOW with EXACTLY these args. Do NOT scan (the meaning tree is already bui…"
tick 15799: decisions=1 inFlight=1 pending=0 actors=agent-1788735291116468-0:0r/0a
    agent-1788735291116468-0 ← : "READY MOVE — execute this harness_edit call NOW with EXACTLY these args. Do NOT scan (the meaning tree is already bui…"
tick 15899: decisions=1 inFlight=1 pending=0 actors=agent-1788735291116468-0:0r/0a
    agent-1788735291116468-0 ← : "READY MOVE — execute this harness_edit call NOW with EXACTLY these args. Do NOT scan (the meaning tree is already bui…"
tick 15999: decisions=1 inFlight=1 pending=0 actors=agent-1788735291116468-0:0r/0a
    agent-1788735291116468-0 ← : "READY MOVE — execute this harness_edit call NOW with EXACTLY these args. Do NOT scan (the meaning tree is already bui…"
tick 16099: decisions=1 inFlight=1 pending=0 actors=agent-1788735291116468-0:0r/0a
    agent-1788735291116468-0 ← : "READY MOVE — execute this harness_edit call NOW with EXACTLY these args. Do NOT scan (the meaning tree is already bui…"
tick 16199: decisions=1 inFlight=1 pending=0 actors=agent-1788735291116468-0:0r/0a
    agent-1788735291116468-0 ← : "READY MOVE — execute this harness_edit call NOW with EXACTLY these args. Do NOT scan (the meaning tree is already bui…"
tick 16281: decisions=0 inFlight=0 pending=0 actors=agent-1788735291116468-0:0r/0a


--- tool results (truncated per beat) ---
edit_symbol: {"ok":true,"reverted":false,"patches":1,"files":["lib/loop.dart"],"analyze_exit":0,"check_exit":0,"analyze_ms":124,"check_ms":520,"detail":"replace_member_body inBounds (sym_lib_loop.dart_inBounds) in lib/loop.dart [1..3] — scoped analyze e

coding_agent run — task: wave_task_grammar
  backend: apple_foundation_afm
  verdict: PASS
  overhead tokens (system+schemas): 1424
  decisions: 1
  tool rounds (thread beats): 1
  moves: {edit_symbol.apply_executable: 1}
  projection tokens (honest spend, Situation.tokensUsed): 2024
  meaning nodes: 16, edges: 20
  wall clock: 24506 ms
  final gate (outer oracle, once): PASS
    check: dart test exit=0
  failure class: -
--- harness pulse (J1.5.3) ---
tick 1 | decisions 0 | in-flight 0 | pending results 0
— agent-1788779296119603-0  [idle]  rounds 0/12 (Σ0)
    last: edit_symbol:{"executableId":"dart/fix_inclusive_bound","action":"appl… → ok
--- flight recorder ---
FlightRecorder: 76 pulse(s), ticks 99..7551
tick 5699: decisions=1 inFlight=1 pending=0 actors=agent-1788779296119603-0:0r/0a
    agent-1788779296119603-0 ← : "READY MOVE — execute this harness_edit call NOW with EXACTLY these args. Do NOT scan (the meaning tree is already bui…"
tick 5799: decisions=1 inFlight=1 pending=0 actors=agent-1788779296119603-0:0r/0a
    agent-1788779296119603-0 ← : "READY MOVE — execute this harness_edit call NOW with EXACTLY these args. Do NOT scan (the meaning tree is already bui…"
tick 5899: decisions=1 inFlight=1 pending=0 actors=agent-1788779296119603-0:0r/0a
    agent-1788779296119603-0 ← : "READY MOVE — execute this harness_edit call NOW with EXACTLY these args. Do NOT scan (the meaning tree is already bui…"
tick 5999: decisions=1 inFlight=2 pending=0 actors=agent-1788779296119603-0:0r/0a
    agent-1788779296119603-0 ← : "READY MOVE — execute this harness_edit call NOW with EXACTLY these args. Do NOT scan (the meaning tree is already bui…"
tick 6099: decisions=1 inFlight=2 pending=0 actors=agent-1788779296119603-0:0r/0a
    agent-1788779296119603-0 ← : "READY MOVE — execute this harness_edit call NOW with EXACTLY these args. Do NOT scan (the meaning tree is already bui…"
tick 6199: decisions=1 inFlight=2 pending=0 actors=agent-1788779296119603-0:0r/0a
    agent-1788779296119603-0 ← : "READY MOVE — execute this harness_edit call NOW with EXACTLY these args. Do NOT scan (the meaning tree is already bui…"
tick 6299: decisions=1 inFlight=2 pending=0 actors=agent-1788779296119603-0:0r/0a
    agent-1788779296119603-0 ← : "READY MOVE — execute this harness_edit call NOW with EXACTLY these args. Do NOT scan (the meaning tree is already bui…"
tick 6399: decisions=1 inFlight=2 pending=0 actors=agent-1788779296119603-0:0r/0a
    agent-1788779296119603-0 ← : "READY MOVE — execute this harness_edit call NOW with EXACTLY these args. Do NOT scan (the meaning tree is already bui…"
tick 6499: decisions=1 inFlight=2 pending=0 actors=agent-1788779296119603-0:0r/0a
    agent-1788779296119603-0 ← : "READY MOVE — execute this harness_edit call NOW with EXACTLY these args. Do NOT scan (the meaning tree is already bui…"
tick 6599: decisions=1 inFlight=2 pending=0 actors=agent-1788779296119603-0:0r/0a
    agent-1788779296119603-0 ← : "READY MOVE — execute this harness_edit call NOW with EXACTLY these args. Do NOT scan (the meaning tree is already bui…"
tick 6699: decisions=1 inFlight=2 pending=0 actors=agent-1788779296119603-0:0r/0a
    agent-1788779296119603-0 ← : "READY MOVE — execute this harness_edit call NOW with EXACTLY these args. Do NOT scan (the meaning tree is already bui…"
tick 6799: decisions=1 inFlight=2 pending=0 actors=agent-1788779296119603-0:0r/0a
    agent-1788779296119603-0 ← : "READY MOVE — execute this harness_edit call NOW with EXACTLY these args. Do NOT scan (the meaning tree is already bui…"
tick 6899: decisions=1 inFlight=2 pending=0 actors=agent-1788779296119603-0:0r/0a
    agent-1788779296119603-0 ← : "READY MOVE — execute this harness_edit call NOW with EXACTLY these args. Do NOT scan (the meaning tree is already bui…"
tick 6999: decisions=1 inFlight=2 pending=0 actors=agent-1788779296119603-0:0r/0a
    agent-1788779296119603-0 ← : "READY MOVE — execute this harness_edit call NOW with EXACTLY these args. Do NOT scan (the meaning tree is already bui…"
tick 7099: decisions=1 inFlight=2 pending=0 actors=agent-1788779296119603-0:0r/0a
    agent-1788779296119603-0 ← : "READY MOVE — execute this harness_edit call NOW with EXACTLY these args. Do NOT scan (the meaning tree is already bui…"
tick 7199: decisions=1 inFlight=2 pending=0 actors=agent-1788779296119603-0:0r/0a
    agent-1788779296119603-0 ← : "READY MOVE — execute this harness_edit call NOW with EXACTLY these args. Do NOT scan (the meaning tree is already bui…"
tick 7299: decisions=1 inFlight=2 pending=0 actors=agent-1788779296119603-0:0r/0a
    agent-1788779296119603-0 ← : "READY MOVE — execute this harness_edit call NOW with EXACTLY these args. Do NOT scan (the meaning tree is already bui…"
tick 7399: decisions=1 inFlight=2 pending=0 actors=agent-1788779296119603-0:0r/0a
    agent-1788779296119603-0 ← : "READY MOVE — execute this harness_edit call NOW with EXACTLY these args. Do NOT scan (the meaning tree is already bui…"
tick 7499: decisions=1 inFlight=2 pending=0 actors=agent-1788779296119603-0:0r/0a
    agent-1788779296119603-0 ← : "READY MOVE — execute this harness_edit call NOW with EXACTLY these args. Do NOT scan (the meaning tree is already bui…"
tick 7551: decisions=0 inFlight=0 pending=0 actors=agent-1788779296119603-0:0r/0a


--- tool results (truncated per beat) ---
edit_symbol: {"ok":true,"reverted":false,"patches":1,"files":["lib/loop.dart"],"analyze_exit":0,"check_exit":0,"analyze_ms":165,"check_ms":571,"detail":"replace_member_body inBounds (sym_lib_loop.dart_inBounds) in lib/loop.dart [1..3] — scoped analyze e

coding_agent run — task: wave_task_grammar
  backend: apple_foundation_afm
  verdict: PASS
  overhead tokens (system+schemas): 1473
  decisions: 1
  tool rounds (thread beats): 1
  moves: {edit_symbol.apply_executable: 1}
  projection tokens (honest spend, Situation.tokensUsed): 2073
  meaning nodes: 16, edges: 20
  wall clock: 19039 ms
  final gate (outer oracle, once): PASS
    check: dart test exit=0
  failure class: -
--- harness pulse (J1.5.3) ---
tick 1 | decisions 0 | in-flight 0 | pending results 0
— agent-1788812864364022-0  [idle]  rounds 0/12 (Σ0)
    last: edit_symbol:{"action":"apply_executable","executableId":"dart/fix_inc… → ok
--- flight recorder ---
FlightRecorder: 61 pulse(s), ticks 99..6087
tick 4199: decisions=1 inFlight=1 pending=0 actors=agent-1788812864364022-0:0r/0a
    agent-1788812864364022-0 ← : "READY MOVE — execute this harness_edit call NOW with EXACTLY these args. Do NOT scan (the meaning tree is already bui…"
tick 4299: decisions=1 inFlight=1 pending=0 actors=agent-1788812864364022-0:0r/0a
    agent-1788812864364022-0 ← : "READY MOVE — execute this harness_edit call NOW with EXACTLY these args. Do NOT scan (the meaning tree is already bui…"
tick 4399: decisions=1 inFlight=1 pending=0 actors=agent-1788812864364022-0:0r/0a
    agent-1788812864364022-0 ← : "READY MOVE — execute this harness_edit call NOW with EXACTLY these args. Do NOT scan (the meaning tree is already bui…"
tick 4499: decisions=1 inFlight=2 pending=0 actors=agent-1788812864364022-0:0r/0a
    agent-1788812864364022-0 ← : "READY MOVE — execute this harness_edit call NOW with EXACTLY these args. Do NOT scan (the meaning tree is already bui…"
tick 4599: decisions=1 inFlight=2 pending=0 actors=agent-1788812864364022-0:0r/0a
    agent-1788812864364022-0 ← : "READY MOVE — execute this harness_edit call NOW with EXACTLY these args. Do NOT scan (the meaning tree is already bui…"
tick 4699: decisions=1 inFlight=2 pending=0 actors=agent-1788812864364022-0:0r/0a
    agent-1788812864364022-0 ← : "READY MOVE — execute this harness_edit call NOW with EXACTLY these args. Do NOT scan (the meaning tree is already bui…"
tick 4799: decisions=1 inFlight=2 pending=0 actors=agent-1788812864364022-0:0r/0a
    agent-1788812864364022-0 ← : "READY MOVE — execute this harness_edit call NOW with EXACTLY these args. Do NOT scan (the meaning tree is already bui…"
tick 4899: decisions=1 inFlight=2 pending=0 actors=agent-1788812864364022-0:0r/0a
    agent-1788812864364022-0 ← : "READY MOVE — execute this harness_edit call NOW with EXACTLY these args. Do NOT scan (the meaning tree is already bui…"
tick 4999: decisions=1 inFlight=2 pending=0 actors=agent-1788812864364022-0:0r/0a
    agent-1788812864364022-0 ← : "READY MOVE — execute this harness_edit call NOW with EXACTLY these args. Do NOT scan (the meaning tree is already bui…"
tick 5099: decisions=1 inFlight=2 pending=0 actors=agent-1788812864364022-0:0r/0a
    agent-1788812864364022-0 ← : "READY MOVE — execute this harness_edit call NOW with EXACTLY these args. Do NOT scan (the meaning tree is already bui…"
tick 5199: decisions=1 inFlight=2 pending=0 actors=agent-1788812864364022-0:0r/0a
    agent-1788812864364022-0 ← : "READY MOVE — execute this harness_edit call NOW with EXACTLY these args. Do NOT scan (the meaning tree is already bui…"
tick 5299: decisions=1 inFlight=2 pending=0 actors=agent-1788812864364022-0:0r/0a
    agent-1788812864364022-0 ← : "READY MOVE — execute this harness_edit call NOW with EXACTLY these args. Do NOT scan (the meaning tree is already bui…"
tick 5399: decisions=1 inFlight=2 pending=0 actors=agent-1788812864364022-0:0r/0a
    agent-1788812864364022-0 ← : "READY MOVE — execute this harness_edit call NOW with EXACTLY these args. Do NOT scan (the meaning tree is already bui…"
tick 5499: decisions=1 inFlight=2 pending=0 actors=agent-1788812864364022-0:0r/0a
    agent-1788812864364022-0 ← : "READY MOVE — execute this harness_edit call NOW with EXACTLY these args. Do NOT scan (the meaning tree is already bui…"
tick 5599: decisions=1 inFlight=2 pending=0 actors=agent-1788812864364022-0:0r/0a
    agent-1788812864364022-0 ← : "READY MOVE — execute this harness_edit call NOW with EXACTLY these args. Do NOT scan (the meaning tree is already bui…"
tick 5699: decisions=1 inFlight=2 pending=0 actors=agent-1788812864364022-0:0r/0a
    agent-1788812864364022-0 ← : "READY MOVE — execute this harness_edit call NOW with EXACTLY these args. Do NOT scan (the meaning tree is already bui…"
tick 5799: decisions=1 inFlight=2 pending=0 actors=agent-1788812864364022-0:0r/0a
    agent-1788812864364022-0 ← : "READY MOVE — execute this harness_edit call NOW with EXACTLY these args. Do NOT scan (the meaning tree is already bui…"
tick 5899: decisions=1 inFlight=2 pending=0 actors=agent-1788812864364022-0:0r/0a
    agent-1788812864364022-0 ← : "READY MOVE — execute this harness_edit call NOW with EXACTLY these args. Do NOT scan (the meaning tree is already bui…"
tick 5999: decisions=1 inFlight=2 pending=0 actors=agent-1788812864364022-0:0r/0a
    agent-1788812864364022-0 ← : "READY MOVE — execute this harness_edit call NOW with EXACTLY these args. Do NOT scan (the meaning tree is already bui…"
tick 6087: decisions=0 inFlight=0 pending=0 actors=agent-1788812864364022-0:0r/0a


--- tool results (truncated per beat) ---
edit_symbol: {"ok":true,"reverted":false,"patches":1,"files":["lib/loop.dart"],"analyze_exit":0,"check_exit":0,"analyze_ms":120,"check_ms":520,"detail":"replace_member_body inBounds (sym_lib_loop.dart_inBounds) in lib/loop.dart [1..3] — scoped analyze e

coding_agent run — task: wave_task_grammar
  backend: apple_foundation_afm
  verdict: FAIL
  overhead tokens (system+schemas): 1473
  decisions: 31
  tool rounds (thread beats): 31
  moves: {meaning_program: 16, repo_etl.scan: 8, repo_etl.status: 1, repo_etl.refresh: 4, edit_symbol.replace_member_body: 1, goal_verify: 1}
  projection tokens (honest spend, Situation.tokensUsed): 66055
  meaning nodes: 16, edges: 20
  wall clock: 930549 ms
  final gate (outer oracle, once): FAIL
    check: dart test exit=1:
  failure class: final gate: dart test exit=1:
--- harness pulse (J1.5.3) ---
tick 31 | decisions 0 | in-flight 0 | pending results 0
⚠ actor agent-1788815451855031-0: goal-attempt budget exhausted — goal_unverifiable: 3 failed verification attempts (budget 3). Last failure: run failed exit=1: 
— agent-1788815451855031-0  [idle via run_graded_goal]  rounds 1/12 (Σ30)  attempts 3/3 EXHAUSTED  goal FAIL
    last: repo_etl:{"action":"scan"} → ok
--- flight recorder ---
FlightRecorder: 256 pulse(s), ticks 166699..192112
tick 190280: decisions=1 inFlight=1 pending=0 actors=agent-1788815451855031-0:1r/2a
    agent-1788815451855031-0 ← run_graded_goal: "Goal not verified by running code (attempt 2/3).
Failing:
run failed exit=1: 
Fix the code so the target runs, then c…"
tick 190380: decisions=1 inFlight=1 pending=0 actors=agent-1788815451855031-0:1r/2a
    agent-1788815451855031-0 ← run_graded_goal: "Goal not verified by running code (attempt 2/3).
Failing:
run failed exit=1: 
Fix the code so the target runs, then c…"
tick 190480: decisions=1 inFlight=1 pending=0 actors=agent-1788815451855031-0:1r/2a
    agent-1788815451855031-0 ← run_graded_goal: "Goal not verified by running code (attempt 2/3).
Failing:
run failed exit=1: 
Fix the code so the target runs, then c…"
tick 190580: decisions=1 inFlight=1 pending=0 actors=agent-1788815451855031-0:1r/2a
    agent-1788815451855031-0 ← run_graded_goal: "Goal not verified by running code (attempt 2/3).
Failing:
run failed exit=1: 
Fix the code so the target runs, then c…"
tick 190680: decisions=1 inFlight=1 pending=0 actors=agent-1788815451855031-0:1r/2a
    agent-1788815451855031-0 ← run_graded_goal: "Goal not verified by running code (attempt 2/3).
Failing:
run failed exit=1: 
Fix the code so the target runs, then c…"
tick 190780: decisions=1 inFlight=1 pending=0 actors=agent-1788815451855031-0:1r/2a
    agent-1788815451855031-0 ← run_graded_goal: "Goal not verified by running code (attempt 2/3).
Failing:
run failed exit=1: 
Fix the code so the target runs, then c…"
tick 190880: decisions=1 inFlight=1 pending=0 actors=agent-1788815451855031-0:1r/2a
    agent-1788815451855031-0 ← run_graded_goal: "Goal not verified by running code (attempt 2/3).
Failing:
run failed exit=1: 
Fix the code so the target runs, then c…"
tick 190980: decisions=1 inFlight=1 pending=0 actors=agent-1788815451855031-0:1r/2a
    agent-1788815451855031-0 ← run_graded_goal: "Goal not verified by running code (attempt 2/3).
Failing:
run failed exit=1: 
Fix the code so the target runs, then c…"
tick 191080: decisions=1 inFlight=1 pending=0 actors=agent-1788815451855031-0:1r/2a
    agent-1788815451855031-0 ← run_graded_goal: "Goal not verified by running code (attempt 2/3).
Failing:
run failed exit=1: 
Fix the code so the target runs, then c…"
tick 191180: decisions=1 inFlight=1 pending=0 actors=agent-1788815451855031-0:1r/2a
    agent-1788815451855031-0 ← run_graded_goal: "Goal not verified by running code (attempt 2/3).
Failing:
run failed exit=1: 
Fix the code so the target runs, then c…"
tick 191280: decisions=1 inFlight=1 pending=0 actors=agent-1788815451855031-0:1r/2a
    agent-1788815451855031-0 ← run_graded_goal: "Goal not verified by running code (attempt 2/3).
Failing:
run failed exit=1: 
Fix the code so the target runs, then c…"
tick 191380: decisions=1 inFlight=1 pending=0 actors=agent-1788815451855031-0:1r/2a
    agent-1788815451855031-0 ← run_graded_goal: "Goal not verified by running code (attempt 2/3).
Failing:
run failed exit=1: 
Fix the code so the target runs, then c…"
tick 191480: decisions=1 inFlight=1 pending=0 actors=agent-1788815451855031-0:1r/2a
    agent-1788815451855031-0 ← run_graded_goal: "Goal not verified by running code (attempt 2/3).
Failing:
run failed exit=1: 
Fix the code so the target runs, then c…"
tick 191580: decisions=1 inFlight=1 pending=0 actors=agent-1788815451855031-0:1r/2a
    agent-1788815451855031-0 ← run_graded_goal: "Goal not verified by running code (attempt 2/3).
Failing:
run failed exit=1: 
Fix the code so the target runs, then c…"
tick 191680: decisions=1 inFlight=1 pending=0 actors=agent-1788815451855031-0:1r/2a
    agent-1788815451855031-0 ← run_graded_goal: "Goal not verified by running code (attempt 2/3).
Failing:
run failed exit=1: 
Fix the code so the target runs, then c…"
tick 191780: decisions=1 inFlight=1 pending=0 actors=agent-1788815451855031-0:1r/2a
    agent-1788815451855031-0 ← run_graded_goal: "Goal not verified by running code (attempt 2/3).
Failing:
run failed exit=1: 
Fix the code so the target runs, then c…"
tick 191880: decisions=1 inFlight=1 pending=0 actors=agent-1788815451855031-0:1r/2a
    agent-1788815451855031-0 ← run_graded_goal: "Goal not verified by running code (attempt 2/3).
Failing:
run failed exit=1: 
Fix the code so the target runs, then c…"
tick 191980: decisions=1 inFlight=1 pending=0 actors=agent-1788815451855031-0:1r/2a
    agent-1788815451855031-0 ← run_graded_goal: "Goal not verified by running code (attempt 2/3).
Failing:
run failed exit=1: 
Fix the code so the target runs, then c…"
tick 192080: decisions=1 inFlight=1 pending=0 actors=agent-1788815451855031-0:1r/2a
    agent-1788815451855031-0 ← run_graded_goal: "Goal not verified by running code (attempt 2/3).
Failing:
run failed exit=1: 
Fix the code so the target runs, then c…"
tick 192112: decisions=0 inFlight=0 pending=0 actors=agent-1788815451855031-0:1r/3a ⚠ actor agent-1788815451855031-0: goal-attempt budget exhausted — goal_unverifiable: 3 failed verification attempts (budget 3). Last failure: run failed exit=1: 


--- tool results (truncated per beat) ---
meaning_program: {"ok":false,"program_halt":{"index":0,"op":"null","error":"unknown_op — closed set: [locate, zoom, impact, read]","hint":"fix op 0 and resend the program — the next decision sees this verdict and the results-so-far"},"ops_run":0,"results":[
repo_etl: {"ok":true,"already_built":true,"refreshed_files":0,"symbols_touched":0,"files":4,"fs_added":0,"fs_dropped":0,"capabilities":1,"vcs":{"status":"not_a_repo","nodes":0},"note":"the tree was already built — reconciled to current (zero model to
meaning_program: {"ok":false,"program_halt":{"index":1,"op":"read","error":"unknown focusId: main.dart","hint":"fix op 1 and resend the program — the next decision sees this verdict and the results-so-far"},"ops_run":1,"results":[{"locate":{"ok":true,"query
repo_etl: {"ok":true,"scanned":true,"lastScan":"2026-09-08T00:11:44.808380","files":4,"dirs":3,"dart_files":2,"symbols":2,"tree_nodes":16}
meaning_program: {"ok":false,"program_halt":{"index":1,"op":"read","error":"unknown focusId: 1","hint":"fix op 1 and resend the program — the next decision sees this verdict and the results-so-far"},"ops_run":1,"results":[{"locate":{"ok":true,"query":"test"
meaning_program: {"ok":false,"program_halt":{"index":0,"op":"null","error":"unknown_op — closed set: [locate, zoom, impact, read]","hint":"fix op 0 and resend the program — the next decision sees this verdict and the results-so-far"},"ops_run":0,"results":[
repo_etl: {"ok":true,"refreshed_files":0,"symbols_touched":0,"files":4,"fs_added":0,"fs_dropped":0,"capabilities":1,"vcs":{"status":"not_a_repo","nodes":0}}
meaning_program: {"ok":false,"program_halt":{"index":1,"op":"read","error":"no_focus — run locate first (it sets the cursor) or pass focusId","hint":"fix op 1 and resend the program — the next decision sees this verdict and the results-so-far"},"ops_run":1,
repo_etl: {"ok":true,"already_built":true,"refreshed_files":0,"symbols_touched":0,"files":4,"fs_added":0,"fs_dropped":0,"capabilities":1,"vcs":{"status":"not_a_repo","nodes":0},"note":"the tree was already built — reconciled to current (zero model to
meaning_program: {"ok":false,"program_halt":{"index":1,"op":"read","error":"no_focus — run locate first (it sets the cursor) or pass focusId","hint":"fix op 1 and resend the program — the next decision sees this verdict and the results-so-far"},"ops_run":1,
repo_etl: {"ok":true,"already_built":true,"refreshed_files":0,"symbols_touched":0,"files":4,"fs_added":0,"fs_dropped":0,"capabilities":1,"vcs":{"status":"not_a_repo","nodes":0},"note":"the tree was already built — reconciled to current (zero model to
meaning_program: {"ok":false,"program_halt":{"index":1,"op":"zoom","error":"unknown focusId: main.dart","hint":"fix op 1 and resend the program — the next decision sees this verdict and the results-so-far"},"ops_run":1,"results":[{"locate":{"ok":true,"query
repo_etl: {"ok":true,"already_built":true,"refreshed_files":0,"symbols_touched":0,"files":4,"fs_added":0,"fs_dropped":0,"capabilities":1,"vcs":{"status":"not_a_repo","nodes":0},"note":"the tree was already built — reconciled to current (zero model to
meaning_program: {"ok":false,"program_halt":{"index":1,"op":"read","error":"unknown focusId: main.dart","hint":"fix op 1 and resend the program — the next decision sees this verdict and the results-so-far"},"ops_run":1,"results":[{"locate":{"ok":true,"query
repo_etl: {"ok":true,"already_built":true,"refreshed_files":0,"symbols_touched":0,"files":4,"fs_added":0,"fs_dropped":0,"capabilities":1,"vcs":{"status":"not_a_repo","nodes":0},"note":"the tree was already built — reconciled to current (zero model to
meaning_program: {"ok":false,"program_halt":{"index":0,"op":"null","error":"unknown_op — closed set: [locate, zoom, impact, read]","hint":"fix op 0 and resend the program — the next decision sees this verdict and the results-so-far"},"ops_run":0,"results":[
repo_etl: {"ok":true,"already_built":true,"refreshed_files":0,"symbols_touched":0,"files":4,"fs_added":0,"fs_dropped":0,"capabilities":1,"vcs":{"status":"not_a_repo","nodes":0},"note":"the tree was already built — reconciled to current (zero model to
meaning_program: {"ok":false,"program_halt":{"index":1,"op":"read","error":"unknown focusId: main.dart","hint":"fix op 1 and resend the program — the next decision sees this verdict and the results-so-far"},"ops_run":1,"results":[{"locate":{"ok":true,"query
meaning_program: {"ok":true,"ops_run":1,"results":[{"locate":{"ok":true,"query":"main.dart","total":0,"rows":[],"hint":"no meaning matched — try a shorter identifier or a zoom query"}}]}
repo_etl: {"ok":true,"refreshed_files":0,"symbols_touched":0,"files":4,"fs_added":0,"fs_dropped":0,"capabilities":1,"vcs":{"status":"not_a_repo","nodes":0}}
meaning_program: {"ok":false,"program_halt":{"index":1,"op":"read","error":"no_focus — run locate first (it sets the cursor) or pass focusId","hint":"fix op 1 and resend the program — the next decision sees this verdict and the results-so-far"},"ops_run":1,
repo_etl: {"ok":true,"refreshed_files":0,"symbols_touched":0,"files":4,"fs_added":0,"fs_dropped":0,"capabilities":1,"vcs":{"status":"not_a_repo","nodes":0}}
meaning_program: {"ok":false,"program_halt":{"index":0,"op":"read","error":"no_focus — run locate first (it sets the cursor) or pass focusId","hint":"fix op 0 and resend the program — the next decision sees this verdict and the results-so-far"},"ops_run":0,
repo_etl: {"ok":true,"already_built":true,"refreshed_files":0,"symbols_touched":0,"files":4,"fs_added":0,"fs_dropped":0,"capabilities":1,"vcs":{"status":"not_a_repo","nodes":0},"note":"the tree was already built — reconciled to current (zero model to
meaning_program: {"ok":false,"program_halt":{"index":0,"op":"null","error":"unknown_op — closed set: [locate, zoom, impact, read]","hint":"fix op 0 and resend the program — the next decision sees this verdict and the results-so-far"},"ops_run":0,"results":[
repo_etl: {"ok":true,"refreshed_files":0,"symbols_touched":0,"files":4,"fs_added":0,"fs_dropped":0,"capabilities":1,"vcs":{"status":"not_a_repo","nodes":0}}
meaning_program: {"ok":false,"program_halt":{"index":1,"op":"apply_executable","error":"unknown_op — closed set: [locate, zoom, impact, read]","hint":"fix op 1 and resend the program — the next decision sees this verdict and the results-so-far"},"ops_run":1
edit_symbol: {"ok":false,"bounce":true,"error":"inBounds returns bool — the chain must end at a return op","repair":"append {label: return} after pushing the result value","fence":"integration"}
goal_verify: {ok: false, command: [dart, test], verify_wall_ms: 1336, detail: run failed exit=1: }
meaning_program: {"ok":false,"program_halt":{"index":0,"op":"null","error":"unknown_op — closed set: [locate, zoom, impact, read]","hint":"fix op 0 and resend the program — the next decision sees this verdict and the results-so-far"},"ops_run":0,"results":[
repo_etl: {"ok":true,"already_built":true,"refreshed_files":0,"symbols_touched":0,"files":4,"fs_added":0,"fs_dropped":0,"capabilities":1,"vcs":{"status":"not_a_repo","nodes":0},"note":"the tree was already built — reconciled to current (zero model to

coding_agent run — task: wave_task_grammar
  backend: apple_foundation_afm
  verdict: PASS
  overhead tokens (system+schemas): 1473
  decisions: 1
  tool rounds (thread beats): 1
  moves: {edit_symbol.apply_executable: 1}
  projection tokens (honest spend, Situation.tokensUsed): 2073
  meaning nodes: 16, edges: 20
  wall clock: 21140 ms
  final gate (outer oracle, once): PASS
    check: dart test exit=0
  failure class: -
--- harness pulse (J1.5.3) ---
tick 1 | decisions 0 | in-flight 0 | pending results 0
— agent-1788819088740626-0  [idle]  rounds 0/12 (Σ0)
    last: edit_symbol:{"action":"apply_executable","symbolId":"sym_lib_loop.dar… → ok
--- flight recorder ---
FlightRecorder: 69 pulse(s), ticks 99..6884
tick 4999: decisions=1 inFlight=1 pending=0 actors=agent-1788819088740626-0:0r/0a
    agent-1788819088740626-0 ← : "READY MOVE — execute this harness_edit call NOW with EXACTLY these args. Do NOT scan (the meaning tree is already bui…"
tick 5099: decisions=1 inFlight=1 pending=0 actors=agent-1788819088740626-0:0r/0a
    agent-1788819088740626-0 ← : "READY MOVE — execute this harness_edit call NOW with EXACTLY these args. Do NOT scan (the meaning tree is already bui…"
tick 5199: decisions=1 inFlight=1 pending=0 actors=agent-1788819088740626-0:0r/0a
    agent-1788819088740626-0 ← : "READY MOVE — execute this harness_edit call NOW with EXACTLY these args. Do NOT scan (the meaning tree is already bui…"
tick 5299: decisions=1 inFlight=2 pending=0 actors=agent-1788819088740626-0:0r/0a
    agent-1788819088740626-0 ← : "READY MOVE — execute this harness_edit call NOW with EXACTLY these args. Do NOT scan (the meaning tree is already bui…"
tick 5399: decisions=1 inFlight=2 pending=0 actors=agent-1788819088740626-0:0r/0a
    agent-1788819088740626-0 ← : "READY MOVE — execute this harness_edit call NOW with EXACTLY these args. Do NOT scan (the meaning tree is already bui…"
tick 5499: decisions=1 inFlight=2 pending=0 actors=agent-1788819088740626-0:0r/0a
    agent-1788819088740626-0 ← : "READY MOVE — execute this harness_edit call NOW with EXACTLY these args. Do NOT scan (the meaning tree is already bui…"
tick 5599: decisions=1 inFlight=2 pending=0 actors=agent-1788819088740626-0:0r/0a
    agent-1788819088740626-0 ← : "READY MOVE — execute this harness_edit call NOW with EXACTLY these args. Do NOT scan (the meaning tree is already bui…"
tick 5699: decisions=1 inFlight=2 pending=0 actors=agent-1788819088740626-0:0r/0a
    agent-1788819088740626-0 ← : "READY MOVE — execute this harness_edit call NOW with EXACTLY these args. Do NOT scan (the meaning tree is already bui…"
tick 5799: decisions=1 inFlight=2 pending=0 actors=agent-1788819088740626-0:0r/0a
    agent-1788819088740626-0 ← : "READY MOVE — execute this harness_edit call NOW with EXACTLY these args. Do NOT scan (the meaning tree is already bui…"
tick 5899: decisions=1 inFlight=2 pending=0 actors=agent-1788819088740626-0:0r/0a
    agent-1788819088740626-0 ← : "READY MOVE — execute this harness_edit call NOW with EXACTLY these args. Do NOT scan (the meaning tree is already bui…"
tick 5999: decisions=1 inFlight=2 pending=0 actors=agent-1788819088740626-0:0r/0a
    agent-1788819088740626-0 ← : "READY MOVE — execute this harness_edit call NOW with EXACTLY these args. Do NOT scan (the meaning tree is already bui…"
tick 6099: decisions=1 inFlight=2 pending=0 actors=agent-1788819088740626-0:0r/0a
    agent-1788819088740626-0 ← : "READY MOVE — execute this harness_edit call NOW with EXACTLY these args. Do NOT scan (the meaning tree is already bui…"
tick 6199: decisions=1 inFlight=2 pending=0 actors=agent-1788819088740626-0:0r/0a
    agent-1788819088740626-0 ← : "READY MOVE — execute this harness_edit call NOW with EXACTLY these args. Do NOT scan (the meaning tree is already bui…"
tick 6299: decisions=1 inFlight=2 pending=0 actors=agent-1788819088740626-0:0r/0a
    agent-1788819088740626-0 ← : "READY MOVE — execute this harness_edit call NOW with EXACTLY these args. Do NOT scan (the meaning tree is already bui…"
tick 6399: decisions=1 inFlight=2 pending=0 actors=agent-1788819088740626-0:0r/0a
    agent-1788819088740626-0 ← : "READY MOVE — execute this harness_edit call NOW with EXACTLY these args. Do NOT scan (the meaning tree is already bui…"
tick 6499: decisions=1 inFlight=2 pending=0 actors=agent-1788819088740626-0:0r/0a
    agent-1788819088740626-0 ← : "READY MOVE — execute this harness_edit call NOW with EXACTLY these args. Do NOT scan (the meaning tree is already bui…"
tick 6599: decisions=1 inFlight=2 pending=0 actors=agent-1788819088740626-0:0r/0a
    agent-1788819088740626-0 ← : "READY MOVE — execute this harness_edit call NOW with EXACTLY these args. Do NOT scan (the meaning tree is already bui…"
tick 6699: decisions=1 inFlight=2 pending=0 actors=agent-1788819088740626-0:0r/0a
    agent-1788819088740626-0 ← : "READY MOVE — execute this harness_edit call NOW with EXACTLY these args. Do NOT scan (the meaning tree is already bui…"
tick 6799: decisions=1 inFlight=2 pending=0 actors=agent-1788819088740626-0:0r/0a
    agent-1788819088740626-0 ← : "READY MOVE — execute this harness_edit call NOW with EXACTLY these args. Do NOT scan (the meaning tree is already bui…"
tick 6884: decisions=0 inFlight=0 pending=0 actors=agent-1788819088740626-0:0r/0a


--- tool results (truncated per beat) ---
edit_symbol: {"ok":true,"reverted":false,"patches":1,"files":["lib/loop.dart"],"analyze_exit":0,"check_exit":0,"analyze_ms":124,"check_ms":529,"detail":"replace_member_body inBounds (sym_lib_loop.dart_inBounds) in lib/loop.dart [1..3] — scoped analyze e

