Running build hooks...Running build hooks...[xs_fm] debug tracing enabled
[xs_fm] debug tracing enabled
[xs_fm/dart] infer: prompt=222ch schema=absent tools=[act_with_project, intent_define, intent_call, run]
[xs_fm/dart] tool act_with_project: argsSchema=present
[xs_fm/dart] tool intent_define: argsSchema=present
[xs_fm/dart] tool intent_call: argsSchema=present
[xs_fm/dart] tool run: argsSchema=present
[xs_fm] generate: prompt=Build a bookmark manager: define save_url (saves a URL only if it starts with ht schema=absent tools=[act_with_project, intent_define, intent_call, run] callback=set
[xs_fm] generate: schema materialized=no (nil)
[xs_fm] generate: tools prepared=4/4 requested
[xs_fm] tool call: name=intent_define args={"name":"list_saved","returns":"int","action":"define","params":[],"description":"Count saved bookmarks."}
[xs_fm] tool call: name=intent_define args={"description":"Save a URL if it starts with http.","name":"save_url","params":["url:string"],"action":"define","returns
[xs_fm/dart] tool "intent_define" handler ok → responding
[xs_fm] tool respond: id=tool_002CC698-A27E-4E5A-9406-E2AEB56FAF7A resumed=true result="{\"ok\":true,\"defined\":{\"name\":\"list_saved\",\"params\":[],\"returns\":\"int\",\"description\":\"Count saved bookm
[xs_fm/dart] tool "intent_define" handler ok → responding
[xs_fm] tool respond: id=tool_FB950EDE-EABF-4078-9C43-D448047A950A resumed=true result="{\"ok\":true,\"defined\":{\"name\":\"save_url\",\"params\":[\"url:string\"],\"returns\":\"bool\",\"description\":\"Save
[xs_fm] tool call: name=act_with_project args={"id":"op_1","action":"add","label":"load_arg","kind":"op"}
[xs_fm] tool call: name=act_with_project args={"from":"op_1","relation":"to","to":"op_2","action":"link"}
[xs_fm] tool call: name=act_with_project args={"id":"op_2","kind":"op","label":"starts_with","action":"add"}
[xs_fm/dart] tool "act_with_project" handler ok → responding
[xs_fm] tool respond: id=tool_D49E1325-57CC-4081-8609-56F2C03AEB50 resumed=true result="{\"ok\":true,\"id\":\"op_1\",\"added\":\"op\",\"view\":{\"nodes\":[{\"id\":\"op_1\",\"kind\":\"op\",\"label\":\"load_ar
[xs_fm/dart] tool "act_with_project" handler ok → responding
[xs_fm] tool respond: id=tool_B3303E51-1D81-4CB1-8DBE-CF9E21843229 resumed=true result="{\"ok\":false,\"error\":\"unknown node: op_1 or op_2\"}"
[xs_fm/dart] tool "act_with_project" handler ok → responding
[xs_fm] tool respond: id=tool_2B7CF039-2508-4067-BB31-8F34651F28EA resumed=true result="{\"ok\":true,\"id\":\"op_2\",\"added\":\"op\",\"view\":{\"nodes\":[{\"id\":\"op_2\",\"kind\":\"op\",\"label\":\"starts_
[xs_fm] tool call: name=act_with_project args={"id":"op_3","kind":"op","label":"jump_if_false","action":"add"}
[xs_fm] tool call: name=act_with_project args={"from":"op_3","relation":"to","to":"return","action":"link"}
[xs_fm] tool call: name=act_with_project args={"from":"op_2","to":"op_3","action":"link","relation":"to"}
[xs_fm/dart] tool "act_with_project" handler ok → responding
[xs_fm] tool respond: id=tool_D733E4D2-7E4F-432E-A4D6-7977C35A7CE1 resumed=true result="{\"ok\":true,\"id\":\"op_3\",\"added\":\"op\",\"view\":{\"nodes\":[{\"id\":\"op_3\",\"kind\":\"op\",\"label\":\"jump_if
[xs_fm/dart] tool "act_with_project" handler ok → responding
[xs_fm] tool respond: id=tool_05FC62D7-5215-4EC4-8AD4-D19A32756A55 resumed=true result="{\"ok\":false,\"error\":\"unknown node: op_3 or return\"}"
[xs_fm/dart] tool "act_with_project" handler ok → responding
[xs_fm] tool respond: id=tool_00B6E237-AEEA-4172-8F7A-47314B45F939 resumed=true result="{\"ok\":true,\"view\":{\"nodes\":[{\"id\":\"op_2\",\"kind\":\"op\",\"label\":\"starts_with\",\"props\":{}}],\"edges\":[
[xs_fm] tool call: name=act_with_project args={"action":"materialize"}
[xs_fm/dart] tool "act_with_project" handler ok → responding
[xs_fm] tool respond: id=tool_85D3DAA0-490C-4615-BC85-5D10D986E9F7 resumed=true result="{\"path\":\"program.dart\",\"materialized\":true,\"intents\":[\"list_saved\",\"save_url\"]}"
[xs_fm] tool call: name=intent_call args={"intent":"list_saved","args":[]}
[xs_fm/dart] tool "intent_call" handler ok → responding
[xs_fm] tool respond: id=tool_94A2CADC-E3A7-48CC-B469-3D45576E26A7 resumed=true result="{\"ok\":false,\"error\":\"intent not implemented: list_saved\",\"defined\":[\"list_saved\",\"save_url\"]}"
[xs_fm] tool call: name=intent_call args={"intent":"save_url","args":["url=https:\/\/check.dev"]}
[xs_fm/dart] tool "intent_call" handler ok → responding
[xs_fm] tool respond: id=tool_8F16AA26-89B4-467D-BC31-E83366AB9060 resumed=true result="{\"ok\":false,\"error\":\"intent not implemented: save_url\",\"defined\":[\"list_saved\",\"save_url\"]}"
[xs_fm] generate: ok, output=I've encountered some issues during the bookmark manager's development. Specifically, there were errors when trying to a
[xs_fm/dart] done: ok=true error=none
[xs_fm/dart] infer: prompt=795ch schema=absent tools=[act_with_project, intent_define, intent_call, run]
[xs_fm/dart] tool act_with_project: argsSchema=present
[xs_fm/dart] tool intent_define: argsSchema=present
[xs_fm/dart] tool intent_call: argsSchema=present
[xs_fm/dart] tool run: argsSchema=present
[xs_fm] generate: prompt=Your previous attempt did not satisfy the intent verification. Failing check: in schema=absent tools=[act_with_project, intent_define, intent_call, run] callback=set
[xs_fm] generate: schema materialized=no (nil)
[xs_fm] generate: tools prepared=4/4 requested
[xs_fm] tool call: name=intent_define args={"name":"list_saved","action":"define","description":"Count saved bookmarks.","params":[],"returns":"int"}
[xs_fm] tool call: name=intent_define args={"name":"save_url","action":"define","returns":"bool","params":["url:string"],"description":"Save a URL if it starts wit
[xs_fm/dart] tool "intent_define" handler ok → responding
[xs_fm] tool respond: id=tool_B5A8B1FF-72FF-4200-87D6-62BEB4AD5009 resumed=true result="{\"ok\":true,\"defined\":{\"name\":\"list_saved\",\"params\":[],\"returns\":\"int\",\"description\":\"Count saved bookm
[xs_fm/dart] tool "intent_define" handler ok → responding
[xs_fm] tool respond: id=tool_8E438EFC-4CC3-44DB-9EE5-4DEBF949351C resumed=true result="{\"ok\":true,\"defined\":{\"name\":\"save_url\",\"params\":[\"url:string\"],\"returns\":\"bool\",\"description\":\"Save
[xs_fm] tool call: name=act_with_project args={"key":"impl","from":"save_url","action":"link","id":"save_url","to":"op_1"}
[xs_fm] tool call: name=act_with_project args={"from":"op_1","id":"op_1","key":"then","to":"op_2","action":"link"}
[xs_fm/dart] tool "act_with_project" handler ok → responding
[xs_fm] tool respond: id=tool_B217FF82-BFD5-46F4-A070-45B89AC5A531 resumed=true result="{\"error\":\"link requires from + relation + to\"}"
[xs_fm/dart] tool "act_with_project" handler ok → responding
[xs_fm] tool respond: id=tool_1009168C-9BA2-4967-A3F5-8F3F50ACB893 resumed=true result="{\"error\":\"link requires from + relation + to\"}"
[xs_fm] tool call: name=intent_call args={"intent":"save_url","args":["url=https:\/\/check.dev"]}
[xs_fm/dart] tool "intent_call" handler ok → responding
[xs_fm] tool respond: id=tool_0B583DD9-E086-4375-9A7F-111F62C04726 resumed=true result="{\"ok\":false,\"error\":\"intent not implemented: save_url\",\"defined\":[\"list_saved\",\"save_url\"]}"
[xs_fm] tool call: name=act_with_project args={"label":"load_arg","action":"add","kind":"op"}
[xs_fm] tool call: name=act_with_project args={"action":"add","kind":"op","label":"load_state"}
[xs_fm] tool call: name=act_with_project args={"label":"push_state","action":"add","kind":"op"}
[xs_fm] tool call: name=act_with_project args={"action":"add","kind":"op","label":"literal"}
[xs_fm] tool call: name=act_with_project args={"action":"add","label":"list_len","kind":"op"}
[xs_fm] tool call: name=act_with_project args={"action":"add","kind":"op","label":"starts_with"}
[xs_fm] tool call: name=act_with_project args={"action":"add","kind":"op","label":"not"}
[xs_fm] tool call: name=act_with_project args={"label":"eq","action":"add","kind":"op"}
[xs_fm] tool call: name=act_with_project args={"label":"jump_if_false","action":"add","kind":"op"}
[xs_fm] tool call: name=act_with_project args={"kind":"op","action":"add","label":"return"}
[xs_fm/dart] tool "act_with_project" handler ok → responding
[xs_fm] tool respond: id=tool_87BB8B79-7FDB-45AF-B0E8-541001392B77 resumed=true result="{\"ok\":true,\"id\":\"op_4\",\"added\":\"op\",\"view\":{\"nodes\":[{\"id\":\"op_4\",\"kind\":\"op\",\"label\":\"load_ar
[xs_fm/dart] tool "act_with_project" handler ok → responding
[xs_fm] tool respond: id=tool_AA3F2F9A-9798-4DD7-858E-8E11DFC681A5 resumed=true result="{\"ok\":true,\"id\":\"op_5\",\"added\":\"op\",\"view\":{\"nodes\":[{\"id\":\"op_5\",\"kind\":\"op\",\"label\":\"load_st
[xs_fm/dart] tool "act_with_project" handler ok → responding
[xs_fm] tool respond: id=tool_28A28022-4EDD-41DB-81DB-977DC5B0B758 resumed=true result="{\"ok\":true,\"id\":\"op_6\",\"added\":\"op\",\"view\":{\"nodes\":[{\"id\":\"op_6\",\"kind\":\"op\",\"label\":\"push_st
[xs_fm/dart] tool "act_with_project" handler ok → responding
[xs_fm] tool respond: id=tool_FE1FF762-A799-4697-9C0A-FADA1D3C11CA resumed=true result="{\"ok\":true,\"id\":\"op_7\",\"added\":\"op\",\"view\":{\"nodes\":[{\"id\":\"op_7\",\"kind\":\"op\",\"label\":\"literal
[xs_fm/dart] tool "act_with_project" handler ok → responding
[xs_fm] tool respond: id=tool_294EF1FC-57C2-4553-B302-F6332C3E389E resumed=true result="{\"ok\":true,\"id\":\"op_8\",\"added\":\"op\",\"view\":{\"nodes\":[{\"id\":\"op_8\",\"kind\":\"op\",\"label\":\"list_le
[xs_fm/dart] tool "act_with_project" handler ok → responding
[xs_fm] tool respond: id=tool_99C15649-C23B-401C-B182-F2D1A3C0B820 resumed=true result="{\"ok\":true,\"id\":\"op_9\",\"added\":\"op\",\"view\":{\"nodes\":[{\"id\":\"op_9\",\"kind\":\"op\",\"label\":\"starts_
[xs_fm/dart] tool "act_with_project" handler ok → responding
[xs_fm] tool respond: id=tool_32BA01B5-580D-4D18-8967-897545A3DB31 resumed=true result="{\"ok\":true,\"id\":\"op_10\",\"added\":\"op\",\"view\":{\"nodes\":[{\"id\":\"op_10\",\"kind\":\"op\",\"label\":\"not\"
[xs_fm/dart] tool "act_with_project" handler ok → responding
[xs_fm] tool respond: id=tool_06818438-1287-4A1E-A126-592F128691B6 resumed=true result="{\"ok\":true,\"id\":\"op_11\",\"added\":\"op\",\"view\":{\"nodes\":[{\"id\":\"op_11\",\"kind\":\"op\",\"label\":\"eq\",
[xs_fm/dart] tool "act_with_project" handler ok → responding
[xs_fm] tool respond: id=tool_65F203EA-CCCC-4A5D-BA73-593827E3E3A7 resumed=true result="{\"ok\":true,\"id\":\"op_12\",\"added\":\"op\",\"view\":{\"nodes\":[{\"id\":\"op_12\",\"kind\":\"op\",\"label\":\"jump_
[xs_fm/dart] tool "act_with_project" handler ok → responding
[xs_fm] tool respond: id=tool_48BA2A80-3BDB-4526-AA4C-179D799412C2 resumed=true result="{\"ok\":true,\"id\":\"op_13\",\"added\":\"op\",\"view\":{\"nodes\":[{\"id\":\"op_13\",\"kind\":\"op\",\"label\":\"retur
[xs_fm] generate: error — Error Domain=FoundationModels.LanguageModelSession.GenerationError Code=-1 "(null)" UserInfo={NSMultipleUnderlyingErrorsKey=(
    "Error Domain=com.apple.tokengeneration Code=10 \"(null)\" UserInfo={NSMultipleUnderlyingErrorsKey=(\n)}"
)}
[xs_fm/dart] done: ok=false error={code: generation_error, message: The operation couldn’t be completed. (FoundationModels.LanguageModelSession.GenerationError error -1.)}
[router] infer failed: generation_error: The operation couldn’t be completed. (FoundationModels.LanguageModelSession.GenerationError error -1.)
[xs_fm/dart] infer: prompt=50ch schema=absent tools=[act_with_project, intent_define, intent_call, run]
[xs_fm/dart] tool act_with_project: argsSchema=present
[xs_fm/dart] tool intent_define: argsSchema=present
[xs_fm/dart] tool intent_call: argsSchema=present
[xs_fm/dart] tool run: argsSchema=present
[xs_fm] generate: prompt=Error: backend_failed. Retry with tighter context. schema=absent tools=[act_with_project, intent_define, intent_call, run] callback=set
[xs_fm] generate: schema materialized=no (nil)
[xs_fm] generate: tools prepared=4/4 requested
[xs_fm] tool call: name=intent_define args={"action":"define","returns":"bool","description":"Save the URL to the bookmark manager.","params":["url:string"],"name"
[xs_fm] tool call: name=intent_define args={"name":"list_saved","returns":"int","action":"define","params":[],"description":"List the number of saved URLs."}
[xs_fm/dart] tool "intent_define" handler ok → responding
[xs_fm] tool respond: id=tool_3A058A43-29BA-48E7-8D3C-839680430C3F resumed=true result="{\"ok\":true,\"defined\":{\"name\":\"save_url\",\"params\":[\"url:string\"],\"returns\":\"bool\",\"description\":\"Save
[xs_fm/dart] tool "intent_define" handler ok → responding
[xs_fm] tool respond: id=tool_B7B33444-AFBA-4B8B-A993-5ABC6554C37E resumed=true result="{\"ok\":true,\"defined\":{\"name\":\"list_saved\",\"params\":[],\"returns\":\"int\",\"description\":\"List the number o
[xs_fm] tool call: name=act_with_project args={"label":"load_arg","action":"add","kind":"op"}
[xs_fm/dart] tool "act_with_project" handler ok → responding
[xs_fm] tool respond: id=tool_33624406-D94C-4752-8D1E-5436F2FBD2CF resumed=true result="{\"ok\":true,\"id\":\"op_14\",\"added\":\"op\",\"view\":{\"nodes\":[{\"id\":\"op_14\",\"kind\":\"op\",\"label\":\"load_
[xs_fm] tool call: name=act_with_project args={"label":"push_state","action":"add","kind":"op"}
[xs_fm/dart] tool "act_with_project" handler ok → responding
[xs_fm] tool respond: id=tool_740BBFF1-F404-411A-801F-113073076A4A resumed=true result="{\"ok\":true,\"id\":\"op_15\",\"added\":\"op\",\"view\":{\"nodes\":[{\"id\":\"op_15\",\"kind\":\"op\",\"label\":\"push_
[xs_fm] tool call: name=act_with_project args={"label":"literal","kind":"op","action":"add"}
[xs_fm/dart] tool "act_with_project" handler ok → responding
[xs_fm] tool respond: id=tool_4EBC559B-9CE9-404A-98D4-4D9213A3F4A3 resumed=true result="{\"ok\":true,\"id\":\"op_16\",\"added\":\"op\",\"view\":{\"nodes\":[{\"id\":\"op_16\",\"kind\":\"op\",\"label\":\"liter
[xs_fm] tool call: name=act_with_project args={"from":"op_14","relation":"to","to":"op_15","action":"link"}
[xs_fm/dart] tool "act_with_project" handler ok → responding
[xs_fm] tool respond: id=tool_C5ECFBF5-451E-4A24-BBD5-7C1EF33FA28C resumed=true result="{\"ok\":true,\"view\":{\"nodes\":[{\"id\":\"op_14\",\"kind\":\"op\",\"label\":\"load_arg\",\"props\":{}}],\"edges\":[{\
[xs_fm] tool call: name=act_with_project args={"from":"op_15","relation":"to","to":"op_16","action":"link"}
[xs_fm/dart] tool "act_with_project" handler ok → responding
[xs_fm] tool respond: id=tool_6B40F78F-9695-4594-8A7D-1A3984EE6D2A resumed=true result="{\"ok\":true,\"view\":{\"nodes\":[{\"id\":\"op_15\",\"kind\":\"op\",\"label\":\"push_state\",\"props\":{}}],\"edges\":[
[xs_fm] tool call: name=act_with_project args={"from":"op_16","relation":"to","to":"op_1","action":"link"}
[xs_fm/dart] tool "act_with_project" handler ok → responding
[xs_fm] tool respond: id=tool_E5774AA1-E4BF-4F69-A58E-28F5B790C0AA resumed=true result="{\"ok\":true,\"view\":{\"nodes\":[{\"id\":\"op_16\",\"kind\":\"op\",\"label\":\"literal\",\"props\":{}}],\"edges\":[{\"
[xs_fm] tool call: name=act_with_project args={"from":"op_1","relation":"to","to":"op_2","action":"link"}
[xs_fm/dart] tool "act_with_project" handler ok → responding
[xs_fm] tool respond: id=tool_05D142DF-5BDB-4632-B50E-E473AC089DEA resumed=true result="{\"ok\":true,\"view\":{\"nodes\":[{\"id\":\"op_1\",\"kind\":\"op\",\"label\":\"load_arg\",\"props\":{}}],\"edges\":[{\"
[xs_fm] tool call: name=act_with_project args={"from":"op_2","relation":"to","to":"op_3","action":"link"}
[xs_fm/dart] tool "act_with_project" handler ok → responding
[xs_fm] tool respond: id=tool_0D4C86AD-BB09-4C57-9235-A88A633D3A09 resumed=true result="{\"ok\":true,\"view\":{\"nodes\":[{\"id\":\"op_2\",\"kind\":\"op\",\"label\":\"starts_with\",\"props\":{}}],\"edges\":[
[xs_fm] tool call: name=act_with_project args={"from":"op_3","relation":"to","to":"op_4","action":"link"}
[xs_fm/dart] tool "act_with_project" handler ok → responding
[xs_fm] tool respond: id=tool_13D00336-5F71-4975-95C9-24C69A8D25A7 resumed=true result="{\"ok\":true,\"view\":{\"nodes\":[{\"id\":\"op_3\",\"kind\":\"op\",\"label\":\"jump_if_false\",\"props\":{}}],\"edges\"
[xs_fm] tool call: name=act_with_project args={"from":"op_4","relation":"to","to":"op_5","action":"link"}
[xs_fm/dart] tool "act_with_project" handler ok → responding
[xs_fm] tool respond: id=tool_F78409FB-8FF1-4972-BCF9-0F77C10970FE resumed=true result="{\"ok\":true,\"view\":{\"nodes\":[{\"id\":\"op_4\",\"kind\":\"op\",\"label\":\"load_arg\",\"props\":{}}],\"edges\":[{\"
[xs_fm] tool call: name=act_with_project args={"from":"op_5","relation":"to","to":"op_6","action":"link"}
[xs_fm/dart] tool "act_with_project" handler ok → responding
[xs_fm] tool respond: id=tool_01544ABB-E5A4-4BCE-9CE9-DEB981C3E741 resumed=true result="{\"ok\":true,\"view\":{\"nodes\":[{\"id\":\"op_5\",\"kind\":\"op\",\"label\":\"load_state\",\"props\":{}}],\"edges\":[{
[xs_fm] tool call: name=act_with_project args={"from":"op_6","relation":"to","to":"op_7","action":"link"}
[xs_fm/dart] tool "act_with_project" handler ok → responding
[xs_fm] tool respond: id=tool_102F7104-EB41-42D6-8829-7C23372B64CA resumed=true result="{\"ok\":true,\"view\":{\"nodes\":[{\"id\":\"op_6\",\"kind\":\"op\",\"label\":\"push_state\",\"props\":{}}],\"edges\":[{
[xs_fm] tool call: name=act_with_project args={"from":"op_7","relation":"to","to":"op_8","action":"link"}
[xs_fm/dart] tool "act_with_project" handler ok → responding
[xs_fm] tool respond: id=tool_01026940-E34D-43BE-9233-326CDEE048A0 resumed=true result="{\"ok\":true,\"view\":{\"nodes\":[{\"id\":\"op_7\",\"kind\":\"op\",\"label\":\"literal\",\"props\":{}}],\"edges\":[{\"f
[xs_fm] tool call: name=act_with_project args={"from":"op_8","relation":"to","to":"op_9","action":"link"}
[xs_fm/dart] tool "act_with_project" handler ok → responding
[xs_fm] tool respond: id=tool_9BDBD1C5-2B31-42E9-9D31-53ABBCA2698C resumed=true result="{\"ok\":true,\"view\":{\"nodes\":[{\"id\":\"op_8\",\"kind\":\"op\",\"label\":\"list_len\",\"props\":{}}],\"edges\":[{\"
[xs_fm] tool call: name=act_with_project args={"from":"op_9","relation":"to","to":"op_10","action":"link"}
[xs_fm/dart] tool "act_with_project" handler ok → responding
[xs_fm] tool respond: id=tool_93F72871-ACA2-4552-9370-EDA83F1FE9E8 resumed=true result="{\"ok\":true,\"view\":{\"nodes\":[{\"id\":\"op_9\",\"kind\":\"op\",\"label\":\"starts_with\",\"props\":{}}],\"edges\":[
[xs_fm] generate: error — exceededContextWindowSize(FoundationModels.LanguageModelSession.GenerationError.Context(debugDescription: "Content contains 4170 tokens, which exceeds the maximum allowed context size of 4096.", underlyingErrors: [Provided 4,170 tokens, but the maximum allowed is 4,096.], errorDescriptionOverride: nil))
[xs_fm/dart] done: ok=false error={message: Exceeded model context window size, code: generation_error}
[router] infer failed: generation_error: Exceeded model context window size
[xs_fm/dart] infer: prompt=50ch schema=absent tools=[act_with_project, intent_define, intent_call, run]
[xs_fm/dart] tool act_with_project: argsSchema=present
[xs_fm/dart] tool intent_define: argsSchema=present
[xs_fm/dart] tool intent_call: argsSchema=present
[xs_fm/dart] tool run: argsSchema=present
[xs_fm] generate: prompt=Error: backend_failed. Retry with tighter context. schema=absent tools=[act_with_project, intent_define, intent_call, run] callback=set
[xs_fm] generate: schema materialized=no (nil)
[xs_fm] generate: tools prepared=4/4 requested
[xs_fm] tool call: name=intent_define args={"name":"save_url","action":"define","returns":"bool","params":["url:string"],"description":"Save a URL to the bookmark 
[xs_fm] tool call: name=intent_define args={"description":"List the number of saved bookmarks.","returns":"int","name":"list_saved","action":"define","params":[]}
[xs_fm/dart] tool "intent_define" handler ok → responding
[xs_fm] tool respond: id=tool_652A5DE7-F9A2-4E73-87F3-F492E20C4028 resumed=true result="{\"ok\":true,\"defined\":{\"name\":\"save_url\",\"params\":[\"url:string\"],\"returns\":\"bool\",\"description\":\"Save
[xs_fm/dart] tool "intent_define" handler ok → responding
[xs_fm] tool respond: id=tool_D8E93335-0DF4-417A-95C2-0C86CB7297D9 resumed=true result="{\"ok\":true,\"defined\":{\"name\":\"list_saved\",\"params\":[],\"returns\":\"int\",\"description\":\"List the number o
[xs_fm] tool call: name=act_with_project args={"kind":"op","action":"add","label":"load_arg"}
[xs_fm/dart] tool "act_with_project" handler ok → responding
[xs_fm] tool respond: id=tool_AA944F03-B897-43CC-BD4D-103F5D102D78 resumed=true result="{\"ok\":true,\"id\":\"op_17\",\"added\":\"op\",\"view\":{\"nodes\":[{\"id\":\"op_17\",\"kind\":\"op\",\"label\":\"load_
[xs_fm] tool call: name=act_with_project args={"label":"load_state","kind":"op","action":"add"}
[xs_fm/dart] tool "act_with_project" handler ok → responding
[xs_fm] tool respond: id=tool_ACEA23B2-EA6F-4996-BB14-BE7C4869B8C7 resumed=true result="{\"ok\":true,\"id\":\"op_18\",\"added\":\"op\",\"view\":{\"nodes\":[{\"id\":\"op_18\",\"kind\":\"op\",\"label\":\"load_
[xs_fm] tool call: name=act_with_project args={"kind":"op","action":"add","label":"push_state"}
[xs_fm/dart] tool "act_with_project" handler ok → responding
[xs_fm] tool respond: id=tool_1C7634A6-E8EE-47EA-8F49-11D317115CDC resumed=true result="{\"ok\":true,\"id\":\"op_19\",\"added\":\"op\",\"view\":{\"nodes\":[{\"id\":\"op_19\",\"kind\":\"op\",\"label\":\"push_
[xs_fm] tool call: name=act_with_project args={"label":"literal","kind":"op","action":"add"}
[xs_fm/dart] tool "act_with_project" handler ok → responding
[xs_fm] tool respond: id=tool_CF4B56C6-3439-44DE-B54F-1063819DDB22 resumed=true result="{\"ok\":true,\"id\":\"op_20\",\"added\":\"op\",\"view\":{\"nodes\":[{\"id\":\"op_20\",\"kind\":\"op\",\"label\":\"liter
[xs_fm] tool call: name=act_with_project args={"kind":"op","action":"add","label":"list_len"}
[xs_fm/dart] tool "act_with_project" handler ok → responding
[xs_fm] tool respond: id=tool_479A58F3-FC6E-4333-B885-8B683C81D61C resumed=true result="{\"ok\":true,\"id\":\"op_21\",\"added\":\"op\",\"view\":{\"nodes\":[{\"id\":\"op_21\",\"kind\":\"op\",\"label\":\"list_
[xs_fm] tool call: name=act_with_project args={"label":"starts_with","action":"add","kind":"op"}
[xs_fm/dart] tool "act_with_project" handler ok → responding
[xs_fm] tool respond: id=tool_F7632E0E-5ECE-4200-94C5-8E4E8888760E resumed=true result="{\"ok\":true,\"id\":\"op_22\",\"added\":\"op\",\"view\":{\"nodes\":[{\"id\":\"op_22\",\"kind\":\"op\",\"label\":\"start
[xs_fm] tool call: name=act_with_project args={"kind":"op","action":"add","label":"eq"}
[xs_fm/dart] tool "act_with_project" handler ok → responding
[xs_fm] tool respond: id=tool_ED9DA5E3-702A-4FD1-BE8B-E4B961BA7CBD resumed=true result="{\"ok\":true,\"id\":\"op_23\",\"added\":\"op\",\"view\":{\"nodes\":[{\"id\":\"op_23\",\"kind\":\"op\",\"label\":\"eq\",
[xs_fm] tool call: name=act_with_project args={"action":"add","kind":"op","label":"not"}
[xs_fm/dart] tool "act_with_project" handler ok → responding
[xs_fm] tool respond: id=tool_2DDEBF4D-30BF-4760-9599-B039E39C20B8 resumed=true result="{\"ok\":true,\"id\":\"op_24\",\"added\":\"op\",\"view\":{\"nodes\":[{\"id\":\"op_24\",\"kind\":\"op\",\"label\":\"not\"
[xs_fm] tool call: name=act_with_project args={"label":"jump_if_false","kind":"op","action":"add"}
[xs_fm/dart] tool "act_with_project" handler ok → responding
[xs_fm] tool respond: id=tool_091A4F22-D6A2-4DFA-93DA-7B1F52A1F553 resumed=true result="{\"ok\":true,\"id\":\"op_25\",\"added\":\"op\",\"view\":{\"nodes\":[{\"id\":\"op_25\",\"kind\":\"op\",\"label\":\"jump_
[xs_fm] tool call: name=act_with_project args={"relation":"impl","from":"op_17","to":"op_20","action":"link"}
[xs_fm/dart] tool "act_with_project" handler ok → responding
[xs_fm] tool respond: id=tool_8608F101-58FB-42AE-A29A-EBC97C2F0EED resumed=true result="{\"ok\":true,\"view\":{\"nodes\":[{\"id\":\"op_17\",\"kind\":\"op\",\"label\":\"load_arg\",\"props\":{}}],\"edges\":[{\
[xs_fm] tool call: name=act_with_project args={"relation":"impl","from":"op_18","to":"op_21","action":"link"}
[xs_fm/dart] tool "act_with_project" handler ok → responding
[xs_fm] tool respond: id=tool_25A37F4D-F9FA-43A4-9CE1-8DD6163CC966 resumed=true result="{\"ok\":true,\"view\":{\"nodes\":[{\"id\":\"op_18\",\"kind\":\"op\",\"label\":\"load_state\",\"props\":{}}],\"edges\":[
[xs_fm] tool call: name=act_with_project args={"relation":"impl","from":"op_19","to":"op_22","action":"link"}
[xs_fm/dart] tool "act_with_project" handler ok → responding
[xs_fm] tool respond: id=tool_128AB308-DF7F-4E13-9ACD-65C5D111CAE4 resumed=true result="{\"ok\":true,\"view\":{\"nodes\":[{\"id\":\"op_19\",\"kind\":\"op\",\"label\":\"push_state\",\"props\":{}}],\"edges\":[
[xs_fm] tool call: name=act_with_project args={"relation":"impl","from":"op_20","to":"op_23","action":"link"}
[xs_fm/dart] tool "act_with_project" handler ok → responding
[xs_fm] tool respond: id=tool_FD1AB3A0-4D13-462A-BC35-97890D6F440D resumed=true result="{\"ok\":true,\"view\":{\"nodes\":[{\"id\":\"op_20\",\"kind\":\"op\",\"label\":\"literal\",\"props\":{}}],\"edges\":[{\"
[xs_fm] tool call: name=act_with_project args={"relation":"impl","from":"op_21","to":"op_24","action":"link"}
[xs_fm/dart] tool "act_with_project" handler ok → responding
[xs_fm] tool respond: id=tool_81A3EF69-411E-4ECD-9A1E-A1CEA85EFCA2 resumed=true result="{\"ok\":true,\"view\":{\"nodes\":[{\"id\":\"op_21\",\"kind\":\"op\",\"label\":\"list_len\",\"props\":{}}],\"edges\":[{\
[xs_fm] tool call: name=act_with_project args={"relation":"impl","from":"op_22","to":"op_25","action":"link"}
[xs_fm/dart] tool "act_with_project" handler ok → responding
[xs_fm] tool respond: id=tool_CE092B25-4DA6-4CA7-8A8D-54640A448310 resumed=true result="{\"ok\":true,\"view\":{\"nodes\":[{\"id\":\"op_22\",\"kind\":\"op\",\"label\":\"starts_with\",\"props\":{}}],\"edges\":
[xs_fm] tool call: name=act_with_project args={"relation":"impl","from":"op_23","to":"op_24","action":"link"}
[xs_fm/dart] tool "act_with_project" handler ok → responding
[xs_fm] tool respond: id=tool_EDFE56C5-A56A-4CD2-BF35-DE38AFCF32A6 resumed=true result="{\"ok\":true,\"view\":{\"nodes\":[{\"id\":\"op_23\",\"kind\":\"op\",\"label\":\"eq\",\"props\":{}}],\"edges\":[{\"from\
[xs_fm] tool call: name=act_with_project args={"relation":"impl","from":"op_24","to":"op_25","action":"link"}
[xs_fm/dart] tool "act_with_project" handler ok → responding
[xs_fm] tool respond: id=tool_661BAB75-410A-4771-A8AE-9FEBB3FDFF4B resumed=true result="{\"ok\":true,\"view\":{\"nodes\":[{\"id\":\"op_24\",\"kind\":\"op\",\"label\":\"not\",\"props\":{}}],\"edges\":[{\"from
[xs_fm] generate: error — exceededContextWindowSize(FoundationModels.LanguageModelSession.GenerationError.Context(debugDescription: "Content contains 4236 tokens, which exceeds the maximum allowed context size of 4096.", underlyingErrors: [Provided 4,236 tokens, but the maximum allowed is 4,096.], errorDescriptionOverride: nil))
[xs_fm/dart] done: ok=false error={message: Exceeded model context window size, code: generation_error}
[router] infer failed: generation_error: Exceeded model context window size
[xs_fm/dart] infer: prompt=50ch schema=absent tools=[act_with_project, intent_define, intent_call, run]
[xs_fm/dart] tool act_with_project: argsSchema=present
[xs_fm/dart] tool intent_define: argsSchema=present
[xs_fm/dart] tool intent_call: argsSchema=present
[xs_fm/dart] tool run: argsSchema=present
[xs_fm] generate: prompt=Error: backend_failed. Retry with tighter context. schema=absent tools=[act_with_project, intent_define, intent_call, run] callback=set
[xs_fm] generate: schema materialized=no (nil)
[xs_fm] generate: tools prepared=4/4 requested
[xs_fm] tool call: name=intent_define args={"description":"Save a URL to the bookmark manager.","action":"define","name":"save_url","returns":"bool","params":["url
[xs_fm] tool call: name=intent_define args={"name":"list_saved","returns":"int","action":"define","params":[],"description":"List the number of saved URLs."}
[xs_fm/dart] tool "intent_define" handler ok → responding
[xs_fm] tool respond: id=tool_C8116DA5-690D-41D1-B76F-1EE80B103B06 resumed=true result="{\"ok\":true,\"defined\":{\"name\":\"save_url\",\"params\":[\"url:string\"],\"returns\":\"bool\",\"description\":\"Save
[xs_fm/dart] tool "intent_define" handler ok → responding
[xs_fm] tool respond: id=tool_798EB049-816E-419F-BBF4-0AEEB40D6FE0 resumed=true result="{\"ok\":true,\"defined\":{\"name\":\"list_saved\",\"params\":[],\"returns\":\"int\",\"description\":\"List the number o
[xs_fm] tool call: name=act_with_project args={"label":"load_arg","action":"add","kind":"op"}
[xs_fm/dart] tool "act_with_project" handler ok → responding
[xs_fm] tool respond: id=tool_BF22B0C0-F744-4A3D-B51B-AB9C2AD4C920 resumed=true result="{\"ok\":true,\"id\":\"op_26\",\"added\":\"op\",\"view\":{\"nodes\":[{\"id\":\"op_26\",\"kind\":\"op\",\"label\":\"load_
[xs_fm] tool call: name=act_with_project args={"label":"load_state","action":"add","kind":"op"}
[xs_fm/dart] tool "act_with_project" handler ok → responding
[xs_fm] tool respond: id=tool_8A5ED413-C0B2-47C9-B869-1973B518CFF6 resumed=true result="{\"ok\":true,\"id\":\"op_27\",\"added\":\"op\",\"view\":{\"nodes\":[{\"id\":\"op_27\",\"kind\":\"op\",\"label\":\"load_
[xs_fm] tool call: name=act_with_project args={"kind":"op","action":"add","label":"push_state"}
[xs_fm/dart] tool "act_with_project" handler ok → responding
[xs_fm] tool respond: id=tool_3AE6F95B-23C2-4F06-A8F5-BE6F855B1721 resumed=true result="{\"ok\":true,\"id\":\"op_28\",\"added\":\"op\",\"view\":{\"nodes\":[{\"id\":\"op_28\",\"kind\":\"op\",\"label\":\"push_
[xs_fm] tool call: name=act_with_project args={"kind":"op","label":"literal","action":"add"}
[xs_fm/dart] tool "act_with_project" handler ok → responding
[xs_fm] tool respond: id=tool_19496FDE-0C30-4893-B27C-79D6941EE137 resumed=true result="{\"ok\":true,\"id\":\"op_29\",\"added\":\"op\",\"view\":{\"nodes\":[{\"id\":\"op_29\",\"kind\":\"op\",\"label\":\"liter
[xs_fm] tool call: name=act_with_project args={"action":"add","kind":"op","label":"list_len"}
[xs_fm/dart] tool "act_with_project" handler ok → responding
[xs_fm] tool respond: id=tool_E4E136F9-EB68-4E9F-B085-546FD12462B9 resumed=true result="{\"ok\":true,\"id\":\"op_30\",\"added\":\"op\",\"view\":{\"nodes\":[{\"id\":\"op_30\",\"kind\":\"op\",\"label\":\"list_
[xs_fm] tool call: name=act_with_project args={"label":"starts_with","action":"add","kind":"op"}
[xs_fm/dart] tool "act_with_project" handler ok → responding
[xs_fm] tool respond: id=tool_26CCF06E-722E-4D3B-8DF4-1CFF4CED1113 resumed=true result="{\"ok\":true,\"id\":\"op_31\",\"added\":\"op\",\"view\":{\"nodes\":[{\"id\":\"op_31\",\"kind\":\"op\",\"label\":\"start
[xs_fm] tool call: name=act_with_project args={"kind":"op","action":"add","label":"eq"}
[xs_fm/dart] tool "act_with_project" handler ok → responding
[xs_fm] tool respond: id=tool_39D547B7-C6B3-4B93-ADDA-F602044AD3D6 resumed=true result="{\"ok\":true,\"id\":\"op_32\",\"added\":\"op\",\"view\":{\"nodes\":[{\"id\":\"op_32\",\"kind\":\"op\",\"label\":\"eq\",
[xs_fm] tool call: name=act_with_project args={"kind":"op","label":"not","action":"add"}
[xs_fm/dart] tool "act_with_project" handler ok → responding
[xs_fm] tool respond: id=tool_4D9001AC-8CD1-482C-B6F8-1AA6CA6AAA53 resumed=true result="{\"ok\":true,\"id\":\"op_33\",\"added\":\"op\",\"view\":{\"nodes\":[{\"id\":\"op_33\",\"kind\":\"op\",\"label\":\"not\"
[xs_fm] tool call: name=act_with_project args={"label":"jump_if_false","kind":"op","action":"add"}
[xs_fm/dart] tool "act_with_project" handler ok → responding
[xs_fm] tool respond: id=tool_7BC2C7F7-D1DE-4749-877F-C986F6643F43 resumed=true result="{\"ok\":true,\"id\":\"op_34\",\"added\":\"op\",\"view\":{\"nodes\":[{\"id\":\"op_34\",\"kind\":\"op\",\"label\":\"jump_
[xs_fm] tool call: name=act_with_project args={"from":"op_26","to":"op_29","action":"link","relation":"to"}
[xs_fm/dart] tool "act_with_project" handler ok → responding
[xs_fm] tool respond: id=tool_9BD348DE-CE22-4959-9BFF-31E288335E95 resumed=true result="{\"ok\":true,\"view\":{\"nodes\":[{\"id\":\"op_26\",\"kind\":\"op\",\"label\":\"load_arg\",\"props\":{}}],\"edges\":[{\
[xs_fm] tool call: name=act_with_project args={"from":"op_26","to":"op_30","action":"link","relation":"to"}
[xs_fm/dart] tool "act_with_project" handler ok → responding
[xs_fm] tool respond: id=tool_AC77A16B-588C-4A7E-9DB2-DBBF10CA2121 resumed=true result="{\"ok\":true,\"view\":{\"nodes\":[{\"id\":\"op_26\",\"kind\":\"op\",\"label\":\"load_arg\",\"props\":{}}],\"edges\":[{\
[xs_fm] tool call: name=act_with_project args={"from":"op_29","to":"op_32","action":"link","relation":"to"}
[xs_fm/dart] tool "act_with_project" handler ok → responding
[xs_fm] tool respond: id=tool_086D1229-1B76-4B97-BE21-0268C7FEB844 resumed=true result="{\"ok\":true,\"view\":{\"nodes\":[{\"id\":\"op_29\",\"kind\":\"op\",\"label\":\"literal\",\"props\":{}}],\"edges\":[{\"
[xs_fm] tool call: name=act_with_project args={"from":"op_30","to":"op_31","action":"link","relation":"to"}
[xs_fm/dart] tool "act_with_project" handler ok → responding
[xs_fm] tool respond: id=tool_1EEFFEE6-59D3-494F-A396-5E7698422C0D resumed=true result="{\"ok\":true,\"view\":{\"nodes\":[{\"id\":\"op_30\",\"kind\":\"op\",\"label\":\"list_len\",\"props\":{}}],\"edges\":[{\
[xs_fm] tool call: name=act_with_project args={"from":"op_31","to":"op_33","action":"link","relation":"to"}
[xs_fm/dart] tool "act_with_project" handler ok → responding
[xs_fm] tool respond: id=tool_5C115780-E6EB-436C-AD75-6211C440BB80 resumed=true result="{\"ok\":true,\"view\":{\"nodes\":[{\"id\":\"op_31\",\"kind\":\"op\",\"label\":\"starts_with\",\"props\":{}}],\"edges\":
[xs_fm] tool call: name=act_with_project args={"from":"op_32","to":"op_34","action":"link","relation":"to"}
[xs_fm/dart] tool "act_with_project" handler ok → responding
[xs_fm] tool respond: id=tool_034B2D02-61CA-408D-93A6-E5969BD04E10 resumed=true result="{\"ok\":true,\"view\":{\"nodes\":[{\"id\":\"op_32\",\"kind\":\"op\",\"label\":\"eq\",\"props\":{}}],\"edges\":[{\"from\
[xs_fm] tool call: name=act_with_project args={"from":"op_33","to":"op_34","action":"link","relation":"to"}
[xs_fm/dart] tool "act_with_project" handler ok → responding
[xs_fm] tool respond: id=tool_BDC204F5-160C-46F7-9C46-2720CE155BF5 resumed=true result="{\"ok\":true,\"view\":{\"nodes\":[{\"id\":\"op_33\",\"kind\":\"op\",\"label\":\"not\",\"props\":{}}],\"edges\":[{\"from
[xs_fm] generate: error — exceededContextWindowSize(FoundationModels.LanguageModelSession.GenerationError.Context(debugDescription: "Content contains 19 tokens, which exceeds the maximum allowed context size of 4096.", underlyingErrors: [Provided 19 tokens, but the maximum allowed is 4,096.], errorDescriptionOverride: nil))
[xs_fm/dart] done: ok=false error={code: generation_error, message: Exceeded model context window size}
[router] infer failed: generation_error: Exceeded model context window size
[xs_fm/dart] infer: prompt=795ch schema=absent tools=[act_with_project, intent_define, intent_call, run]
[xs_fm/dart] tool act_with_project: argsSchema=present
[xs_fm/dart] tool intent_define: argsSchema=present
[xs_fm/dart] tool intent_call: argsSchema=present
[xs_fm/dart] tool run: argsSchema=present
[xs_fm] generate: prompt=Your previous attempt did not satisfy the intent verification. Failing check: in schema=absent tools=[act_with_project, intent_define, intent_call, run] callback=set
[xs_fm] generate: schema materialized=no (nil)
[xs_fm] generate: tools prepared=4/4 requested
[xs_fm] tool call: name=intent_define args={"action":"define","returns":"bool","name":"save_url","params":["url:string"],"description":"Save a URL only if it start
[xs_fm] tool call: name=intent_define args={"returns":"int","description":"Count saved bookmarks.","name":"list_saved","action":"define","params":[]}
[xs_fm/dart] tool "intent_define" handler ok → responding
[xs_fm] tool respond: id=tool_30276EA7-4BBA-4E3A-89EB-A3D0D9FEE151 resumed=true result="{\"ok\":true,\"defined\":{\"name\":\"save_url\",\"params\":[\"url:string\"],\"returns\":\"bool\",\"description\":\"Save
[xs_fm/dart] tool "intent_define" handler ok → responding
[xs_fm] tool respond: id=tool_6623B4C0-B6D3-479F-A3A8-FE7950254BB7 resumed=true result="{\"ok\":true,\"defined\":{\"name\":\"list_saved\",\"params\":[],\"returns\":\"int\",\"description\":\"Count saved bookm
[xs_fm] tool call: name=act_with_project args={"label":"load_arg","action":"add","kind":"op"}
[xs_fm/dart] tool "act_with_project" handler ok → responding
[xs_fm] tool respond: id=tool_63DCF991-70FE-4DD9-A281-9C375E928B18 resumed=true result="{\"ok\":true,\"id\":\"op_35\",\"added\":\"op\",\"view\":{\"nodes\":[{\"id\":\"op_35\",\"kind\":\"op\",\"label\":\"load_
[xs_fm] tool call: name=act_with_project args={"action":"add","kind":"op","label":"starts_with"}
[xs_fm/dart] tool "act_with_project" handler ok → responding
[xs_fm] tool respond: id=tool_4BAE84DB-A3AC-42D5-A454-7C5A534088E5 resumed=true result="{\"ok\":true,\"id\":\"op_36\",\"added\":\"op\",\"view\":{\"nodes\":[{\"id\":\"op_36\",\"kind\":\"op\",\"label\":\"start
[xs_fm] tool call: name=act_with_project args={"relation":"to","from":"op_35","to":"op_36","action":"link"}
[xs_fm/dart] tool "act_with_project" handler ok → responding
[xs_fm] tool respond: id=tool_234F77A3-5449-4E15-8E55-A392F96ABA44 resumed=true result="{\"ok\":true,\"view\":{\"nodes\":[{\"id\":\"op_35\",\"kind\":\"op\",\"label\":\"load_arg\",\"props\":{}}],\"edges\":[{\
[xs_fm] generate: error — Error Domain=FoundationModels.LanguageModelSession.GenerationError Code=-1 "(null)" UserInfo={NSMultipleUnderlyingErrorsKey=(
    "Error Domain=com.apple.tokengeneration Code=10 \"(null)\" UserInfo={NSMultipleUnderlyingErrorsKey=(\n)}"
)}
[xs_fm/dart] done: ok=false error={message: The operation couldn’t be completed. (FoundationModels.LanguageModelSession.GenerationError error -1.), code: generation_error}
[router] infer failed: generation_error: The operation couldn’t be completed. (FoundationModels.LanguageModelSession.GenerationError error -1.)
[xs_fm/dart] infer: prompt=795ch schema=absent tools=[act_with_project, intent_define, intent_call, run]
[xs_fm/dart] tool act_with_project: argsSchema=present
[xs_fm/dart] tool intent_define: argsSchema=present
[xs_fm/dart] tool intent_call: argsSchema=present
[xs_fm/dart] tool run: argsSchema=present
[xs_fm] generate: prompt=Your previous attempt did not satisfy the intent verification. Failing check: in schema=absent tools=[act_with_project, intent_define, intent_call, run] callback=set
[xs_fm] generate: schema materialized=no (nil)
[xs_fm] generate: tools prepared=4/4 requested
[xs_fm] tool call: name=intent_define args={"description":"Save a URL if it starts with http","returns":"bool","name":"save_url","action":"define","params":["url:s
[xs_fm] tool call: name=intent_define args={"action":"define","name":"list_saved","returns":"int","description":"Count saved bookmarks","params":[]}
[xs_fm/dart] tool "intent_define" handler ok → responding
[xs_fm] tool respond: id=tool_8DAA782E-BFF9-47D1-9150-9127E59B3235 resumed=true result="{\"ok\":true,\"defined\":{\"name\":\"save_url\",\"params\":[\"url:string\"],\"returns\":\"bool\",\"description\":\"Save
[xs_fm/dart] tool "intent_define" handler ok → responding
[xs_fm] tool respond: id=tool_01C72409-7345-4BE8-ABB7-37F4923CB16F resumed=true result="{\"ok\":true,\"defined\":{\"name\":\"list_saved\",\"params\":[],\"returns\":\"int\",\"description\":\"Count saved bookm
[xs_fm] tool call: name=act_with_project args={"relation":"then","from":"op_1","to":"op_2","action":"link"}
[xs_fm] tool call: name=act_with_project args={"action":"link","from":"op_2","relation":"then","to":"op_3"}
[xs_fm] tool call: name=act_with_project args={"relation":"impl","from":"save_url","action":"link","to":"op_1"}
[xs_fm] tool call: name=act_with_project args={"relation":"then","from":"op_4","action":"link","to":"return"}
[xs_fm] tool call: name=act_with_project args={"from":"op_3","to":"op_4","action":"link","relation":"then"}
[xs_fm/dart] tool "act_with_project" handler ok → responding
[xs_fm] tool respond: id=tool_AFF2A007-9AFB-416D-9B62-A19EAFA25934 resumed=true result="{\"ok\":true,\"view\":{\"nodes\":[{\"id\":\"op_1\",\"kind\":\"op\",\"label\":\"load_arg\",\"props\":{}}],\"edges\":[{\"
[xs_fm/dart] tool "act_with_project" handler ok → responding
[xs_fm] tool respond: id=tool_1B73E8EA-6021-4FAB-8FDF-10305A013E3F resumed=true result="{\"ok\":true,\"view\":{\"nodes\":[{\"id\":\"op_2\",\"kind\":\"op\",\"label\":\"starts_with\",\"props\":{}}],\"edges\":[
[xs_fm/dart] tool "act_with_project" handler ok → responding
[xs_fm] tool respond: id=tool_5657ED65-5ED9-4D97-9D04-C6931064D536 resumed=true result="{\"ok\":true,\"view\":{\"nodes\":[{\"id\":\"save_url\",\"kind\":\"intent\",\"label\":\"save_url\",\"props\":{\"params\"
[xs_fm/dart] tool "act_with_project" handler ok → responding
[xs_fm] tool respond: id=tool_A9444C12-1F18-49A4-9AB8-EE4548DF346B resumed=true result="{\"ok\":false,\"error\":\"unknown node: op_4 or return\"}"
[xs_fm/dart] tool "act_with_project" handler ok → responding
[xs_fm] tool respond: id=tool_7D0101DE-45AB-4AD7-9408-F48780AB1741 resumed=true result="{\"ok\":true,\"view\":{\"nodes\":[{\"id\":\"op_3\",\"kind\":\"op\",\"label\":\"jump_if_false\",\"props\":{}}],\"edges\"
[xs_fm] tool call: name=act_with_project args={"from":"op_4","to":"return","action":"link","relation":"then"}
[xs_fm/dart] tool "act_with_project" handler ok → responding
[xs_fm] tool respond: id=tool_B7638915-459E-4FF6-B46B-0D80952FC224 resumed=true result="{\"ok\":false,\"error\":\"unknown node: op_4 or return\"}"
[xs_fm] tool call: name=act_with_project args={"action":"materialize"}
[xs_fm/dart] tool "act_with_project" handler ok → responding
[xs_fm] tool respond: id=tool_CAA3786E-18F5-4049-AA0D-921FB5D2ECCE resumed=true result="{\"path\":\"program.dart\",\"materialized\":true,\"intents\":[\"list_saved\",\"save_url\"]}"
[xs_fm] generate: ok, output=Intent verification failed. Here's the issue:

1. **Missing Return Op**: After defining the save_url and list_saved inte
[xs_fm/dart] done: ok=true error=none
intent_closure (AFM):
  decisions: 7
  tool rounds (from thread beats): 94
  moves: {intent_define.define: 14, act_with_project.add: 36, act_with_project.link: 39, act_with_project.materialize: 2, intent_call: 3}
  projection tokens (honest spend): 13430
  nodes: 38, edges: 33
  program.dart exists: true
  oracle exit: 1 (retries: 3)
  oracle stdout: intents failed: save_url -> {error: starts_with without prefix}; save_url -> {error: starts_with without prefix}; list_saved -> {error: no meaning executor for intent: list_saved}; save_url -> {error: starts_with without prefix}
