coding_agent run — task: r7e_pack_edit
  backend: apple_foundation_afm
  verdict: PASS
  overhead tokens (system+schemas): 1492
  decisions: 1
  tool rounds (thread beats): 4
  moves: {repo_etl.scan: 1, meaning_zoom: 1, meaning_impact: 1, edit_symbol.apply_executable: 1}
  projection tokens (honest spend, Situation.tokensUsed): 2008
  meaning nodes: 4, edges: 7
  wall clock: 65982 ms
  final gate (outer oracle, once): PASS
    check: dart test exit=0
  failure class: -
--- harness pulse (J1.5.3) ---
tick 1 | decisions 0 | in-flight 0 | pending results 0
— agent-1788551800006914-2  [idle]  rounds 0/12 (Σ0)
    last: edit_symbol:{"executableParams":{},"action":"apply_executable","execu… → ok
--- flight recorder ---
FlightRecorder: 226 pulse(s), ticks 99..22502
tick 20699: decisions=1 inFlight=1 pending=0 actors=agent-1788551800006914-2:0r/0a
    agent-1788551800006914-2 ← : "lib/loop.dart has an off-by-one bug: inBounds must be the INCLUSIVE bound (inBounds(3, 3) is true). The project pack …"
tick 20799: decisions=1 inFlight=1 pending=0 actors=agent-1788551800006914-2:0r/0a
    agent-1788551800006914-2 ← : "lib/loop.dart has an off-by-one bug: inBounds must be the INCLUSIVE bound (inBounds(3, 3) is true). The project pack …"
tick 20899: decisions=1 inFlight=1 pending=0 actors=agent-1788551800006914-2:0r/0a
    agent-1788551800006914-2 ← : "lib/loop.dart has an off-by-one bug: inBounds must be the INCLUSIVE bound (inBounds(3, 3) is true). The project pack …"
tick 20999: decisions=1 inFlight=1 pending=0 actors=agent-1788551800006914-2:0r/0a
    agent-1788551800006914-2 ← : "lib/loop.dart has an off-by-one bug: inBounds must be the INCLUSIVE bound (inBounds(3, 3) is true). The project pack …"
tick 21099: decisions=1 inFlight=1 pending=0 actors=agent-1788551800006914-2:0r/0a
    agent-1788551800006914-2 ← : "lib/loop.dart has an off-by-one bug: inBounds must be the INCLUSIVE bound (inBounds(3, 3) is true). The project pack …"
tick 21199: decisions=1 inFlight=1 pending=0 actors=agent-1788551800006914-2:0r/0a
    agent-1788551800006914-2 ← : "lib/loop.dart has an off-by-one bug: inBounds must be the INCLUSIVE bound (inBounds(3, 3) is true). The project pack …"
tick 21299: decisions=1 inFlight=1 pending=0 actors=agent-1788551800006914-2:0r/0a
    agent-1788551800006914-2 ← : "lib/loop.dart has an off-by-one bug: inBounds must be the INCLUSIVE bound (inBounds(3, 3) is true). The project pack …"
tick 21399: decisions=1 inFlight=1 pending=0 actors=agent-1788551800006914-2:0r/0a
    agent-1788551800006914-2 ← : "lib/loop.dart has an off-by-one bug: inBounds must be the INCLUSIVE bound (inBounds(3, 3) is true). The project pack …"
tick 21499: decisions=1 inFlight=1 pending=0 actors=agent-1788551800006914-2:0r/0a
    agent-1788551800006914-2 ← : "lib/loop.dart has an off-by-one bug: inBounds must be the INCLUSIVE bound (inBounds(3, 3) is true). The project pack …"
tick 21599: decisions=1 inFlight=1 pending=0 actors=agent-1788551800006914-2:0r/0a
    agent-1788551800006914-2 ← : "lib/loop.dart has an off-by-one bug: inBounds must be the INCLUSIVE bound (inBounds(3, 3) is true). The project pack …"
tick 21699: decisions=1 inFlight=1 pending=0 actors=agent-1788551800006914-2:0r/0a
    agent-1788551800006914-2 ← : "lib/loop.dart has an off-by-one bug: inBounds must be the INCLUSIVE bound (inBounds(3, 3) is true). The project pack …"
tick 21799: decisions=1 inFlight=1 pending=0 actors=agent-1788551800006914-2:0r/0a
    agent-1788551800006914-2 ← : "lib/loop.dart has an off-by-one bug: inBounds must be the INCLUSIVE bound (inBounds(3, 3) is true). The project pack …"
tick 21899: decisions=1 inFlight=1 pending=0 actors=agent-1788551800006914-2:0r/0a
    agent-1788551800006914-2 ← : "lib/loop.dart has an off-by-one bug: inBounds must be the INCLUSIVE bound (inBounds(3, 3) is true). The project pack …"
tick 21999: decisions=1 inFlight=1 pending=0 actors=agent-1788551800006914-2:0r/0a
    agent-1788551800006914-2 ← : "lib/loop.dart has an off-by-one bug: inBounds must be the INCLUSIVE bound (inBounds(3, 3) is true). The project pack …"
tick 22099: decisions=1 inFlight=1 pending=0 actors=agent-1788551800006914-2:0r/0a
    agent-1788551800006914-2 ← : "lib/loop.dart has an off-by-one bug: inBounds must be the INCLUSIVE bound (inBounds(3, 3) is true). The project pack …"
tick 22199: decisions=1 inFlight=1 pending=0 actors=agent-1788551800006914-2:0r/0a
    agent-1788551800006914-2 ← : "lib/loop.dart has an off-by-one bug: inBounds must be the INCLUSIVE bound (inBounds(3, 3) is true). The project pack …"
tick 22299: decisions=1 inFlight=1 pending=0 actors=agent-1788551800006914-2:0r/0a
    agent-1788551800006914-2 ← : "lib/loop.dart has an off-by-one bug: inBounds must be the INCLUSIVE bound (inBounds(3, 3) is true). The project pack …"
tick 22399: decisions=1 inFlight=1 pending=0 actors=agent-1788551800006914-2:0r/0a
    agent-1788551800006914-2 ← : "lib/loop.dart has an off-by-one bug: inBounds must be the INCLUSIVE bound (inBounds(3, 3) is true). The project pack …"
tick 22499: decisions=1 inFlight=1 pending=0 actors=agent-1788551800006914-2:0r/0a
    agent-1788551800006914-2 ← : "lib/loop.dart has an off-by-one bug: inBounds must be the INCLUSIVE bound (inBounds(3, 3) is true). The project pack …"
tick 22502: decisions=0 inFlight=0 pending=0 actors=agent-1788551800006914-2:0r/0a


coding_agent run — task: r7e_pack_edit
  backend: apple_foundation_afm
  verdict: PASS
  overhead tokens (system+schemas): 1492
  decisions: 1
  tool rounds (thread beats): 4
  moves: {repo_etl.scan: 1, meaning_zoom: 1, meaning_impact: 1, edit_symbol.apply_executable: 1}
  projection tokens (honest spend, Situation.tokensUsed): 2008
  meaning nodes: 4, edges: 7
  wall clock: 55709 ms
  final gate (outer oracle, once): PASS
    check: dart test exit=0
  failure class: -
--- harness pulse (J1.5.3) ---
tick 1 | decisions 0 | in-flight 0 | pending results 0
— agent-1788555066187309-2  [idle]  rounds 0/12 (Σ0)
    last: edit_symbol:{"action":"apply_executable","symbolId":"sym_lib_loop.dar… → ok
--- flight recorder ---
FlightRecorder: 196 pulse(s), ticks 99..19580
tick 17699: decisions=1 inFlight=1 pending=0 actors=agent-1788555066187309-2:0r/0a
    agent-1788555066187309-2 ← : "lib/loop.dart has an off-by-one bug: inBounds must be the INCLUSIVE bound (inBounds(3, 3) is true). The project pack …"
tick 17799: decisions=1 inFlight=1 pending=0 actors=agent-1788555066187309-2:0r/0a
    agent-1788555066187309-2 ← : "lib/loop.dart has an off-by-one bug: inBounds must be the INCLUSIVE bound (inBounds(3, 3) is true). The project pack …"
tick 17899: decisions=1 inFlight=1 pending=0 actors=agent-1788555066187309-2:0r/0a
    agent-1788555066187309-2 ← : "lib/loop.dart has an off-by-one bug: inBounds must be the INCLUSIVE bound (inBounds(3, 3) is true). The project pack …"
tick 17999: decisions=1 inFlight=1 pending=0 actors=agent-1788555066187309-2:0r/0a
    agent-1788555066187309-2 ← : "lib/loop.dart has an off-by-one bug: inBounds must be the INCLUSIVE bound (inBounds(3, 3) is true). The project pack …"
tick 18099: decisions=1 inFlight=1 pending=0 actors=agent-1788555066187309-2:0r/0a
    agent-1788555066187309-2 ← : "lib/loop.dart has an off-by-one bug: inBounds must be the INCLUSIVE bound (inBounds(3, 3) is true). The project pack …"
tick 18199: decisions=1 inFlight=1 pending=0 actors=agent-1788555066187309-2:0r/0a
    agent-1788555066187309-2 ← : "lib/loop.dart has an off-by-one bug: inBounds must be the INCLUSIVE bound (inBounds(3, 3) is true). The project pack …"
tick 18299: decisions=1 inFlight=1 pending=0 actors=agent-1788555066187309-2:0r/0a
    agent-1788555066187309-2 ← : "lib/loop.dart has an off-by-one bug: inBounds must be the INCLUSIVE bound (inBounds(3, 3) is true). The project pack …"
tick 18399: decisions=1 inFlight=1 pending=0 actors=agent-1788555066187309-2:0r/0a
    agent-1788555066187309-2 ← : "lib/loop.dart has an off-by-one bug: inBounds must be the INCLUSIVE bound (inBounds(3, 3) is true). The project pack …"
tick 18499: decisions=1 inFlight=1 pending=0 actors=agent-1788555066187309-2:0r/0a
    agent-1788555066187309-2 ← : "lib/loop.dart has an off-by-one bug: inBounds must be the INCLUSIVE bound (inBounds(3, 3) is true). The project pack …"
tick 18599: decisions=1 inFlight=1 pending=0 actors=agent-1788555066187309-2:0r/0a
    agent-1788555066187309-2 ← : "lib/loop.dart has an off-by-one bug: inBounds must be the INCLUSIVE bound (inBounds(3, 3) is true). The project pack …"
tick 18699: decisions=1 inFlight=1 pending=0 actors=agent-1788555066187309-2:0r/0a
    agent-1788555066187309-2 ← : "lib/loop.dart has an off-by-one bug: inBounds must be the INCLUSIVE bound (inBounds(3, 3) is true). The project pack …"
tick 18799: decisions=1 inFlight=1 pending=0 actors=agent-1788555066187309-2:0r/0a
    agent-1788555066187309-2 ← : "lib/loop.dart has an off-by-one bug: inBounds must be the INCLUSIVE bound (inBounds(3, 3) is true). The project pack …"
tick 18899: decisions=1 inFlight=1 pending=0 actors=agent-1788555066187309-2:0r/0a
    agent-1788555066187309-2 ← : "lib/loop.dart has an off-by-one bug: inBounds must be the INCLUSIVE bound (inBounds(3, 3) is true). The project pack …"
tick 18999: decisions=1 inFlight=1 pending=0 actors=agent-1788555066187309-2:0r/0a
    agent-1788555066187309-2 ← : "lib/loop.dart has an off-by-one bug: inBounds must be the INCLUSIVE bound (inBounds(3, 3) is true). The project pack …"
tick 19099: decisions=1 inFlight=1 pending=0 actors=agent-1788555066187309-2:0r/0a
    agent-1788555066187309-2 ← : "lib/loop.dart has an off-by-one bug: inBounds must be the INCLUSIVE bound (inBounds(3, 3) is true). The project pack …"
tick 19199: decisions=1 inFlight=1 pending=0 actors=agent-1788555066187309-2:0r/0a
    agent-1788555066187309-2 ← : "lib/loop.dart has an off-by-one bug: inBounds must be the INCLUSIVE bound (inBounds(3, 3) is true). The project pack …"
tick 19299: decisions=1 inFlight=1 pending=0 actors=agent-1788555066187309-2:0r/0a
    agent-1788555066187309-2 ← : "lib/loop.dart has an off-by-one bug: inBounds must be the INCLUSIVE bound (inBounds(3, 3) is true). The project pack …"
tick 19399: decisions=1 inFlight=1 pending=0 actors=agent-1788555066187309-2:0r/0a
    agent-1788555066187309-2 ← : "lib/loop.dart has an off-by-one bug: inBounds must be the INCLUSIVE bound (inBounds(3, 3) is true). The project pack …"
tick 19499: decisions=1 inFlight=1 pending=0 actors=agent-1788555066187309-2:0r/0a
    agent-1788555066187309-2 ← : "lib/loop.dart has an off-by-one bug: inBounds must be the INCLUSIVE bound (inBounds(3, 3) is true). The project pack …"
tick 19580: decisions=0 inFlight=0 pending=0 actors=agent-1788555066187309-2:0r/0a


