coding_agent run — task: r7e_pack_edit
  backend: apple_foundation_afm
  verdict: PASS
  overhead tokens (system+schemas): 1492
  decisions: 1
  tool rounds (thread beats): 3
  moves: {repo_etl.scan: 1, meaning_zoom: 1, edit_symbol.apply_executable: 1}
  projection tokens (honest spend, Situation.tokensUsed): 2008
  meaning nodes: 4, edges: 7
  wall clock: 47723 ms
  final gate (outer oracle, once): PASS
    check: dart test exit=0
  failure class: -
--- harness pulse (J1.5.3) ---
tick 1 | decisions 0 | in-flight 0 | pending results 0
— agent-1788551748303649-1  [idle]  rounds 0/12 (Σ0)
    last: edit_symbol:{"executableParams":{},"executableId":"dart/fix_loop_boun… → ok
--- flight recorder ---
FlightRecorder: 164 pulse(s), ticks 99..16328
tick 14499: decisions=1 inFlight=1 pending=0 actors=agent-1788551748303649-1:0r/0a
    agent-1788551748303649-1 ← : "lib/loop.dart has an off-by-one bug: inBounds must be the INCLUSIVE bound (inBounds(3, 3) is true). The project pack …"
tick 14599: decisions=1 inFlight=1 pending=0 actors=agent-1788551748303649-1:0r/0a
    agent-1788551748303649-1 ← : "lib/loop.dart has an off-by-one bug: inBounds must be the INCLUSIVE bound (inBounds(3, 3) is true). The project pack …"
tick 14699: decisions=1 inFlight=1 pending=0 actors=agent-1788551748303649-1:0r/0a
    agent-1788551748303649-1 ← : "lib/loop.dart has an off-by-one bug: inBounds must be the INCLUSIVE bound (inBounds(3, 3) is true). The project pack …"
tick 14799: decisions=1 inFlight=1 pending=0 actors=agent-1788551748303649-1:0r/0a
    agent-1788551748303649-1 ← : "lib/loop.dart has an off-by-one bug: inBounds must be the INCLUSIVE bound (inBounds(3, 3) is true). The project pack …"
tick 14899: decisions=1 inFlight=1 pending=0 actors=agent-1788551748303649-1:0r/0a
    agent-1788551748303649-1 ← : "lib/loop.dart has an off-by-one bug: inBounds must be the INCLUSIVE bound (inBounds(3, 3) is true). The project pack …"
tick 14999: decisions=1 inFlight=1 pending=0 actors=agent-1788551748303649-1:0r/0a
    agent-1788551748303649-1 ← : "lib/loop.dart has an off-by-one bug: inBounds must be the INCLUSIVE bound (inBounds(3, 3) is true). The project pack …"
tick 15099: decisions=1 inFlight=1 pending=0 actors=agent-1788551748303649-1:0r/0a
    agent-1788551748303649-1 ← : "lib/loop.dart has an off-by-one bug: inBounds must be the INCLUSIVE bound (inBounds(3, 3) is true). The project pack …"
tick 15199: decisions=1 inFlight=1 pending=0 actors=agent-1788551748303649-1:0r/0a
    agent-1788551748303649-1 ← : "lib/loop.dart has an off-by-one bug: inBounds must be the INCLUSIVE bound (inBounds(3, 3) is true). The project pack …"
tick 15299: decisions=1 inFlight=1 pending=0 actors=agent-1788551748303649-1:0r/0a
    agent-1788551748303649-1 ← : "lib/loop.dart has an off-by-one bug: inBounds must be the INCLUSIVE bound (inBounds(3, 3) is true). The project pack …"
tick 15399: decisions=1 inFlight=1 pending=0 actors=agent-1788551748303649-1:0r/0a
    agent-1788551748303649-1 ← : "lib/loop.dart has an off-by-one bug: inBounds must be the INCLUSIVE bound (inBounds(3, 3) is true). The project pack …"
tick 15499: decisions=1 inFlight=1 pending=0 actors=agent-1788551748303649-1:0r/0a
    agent-1788551748303649-1 ← : "lib/loop.dart has an off-by-one bug: inBounds must be the INCLUSIVE bound (inBounds(3, 3) is true). The project pack …"
tick 15599: decisions=1 inFlight=1 pending=0 actors=agent-1788551748303649-1:0r/0a
    agent-1788551748303649-1 ← : "lib/loop.dart has an off-by-one bug: inBounds must be the INCLUSIVE bound (inBounds(3, 3) is true). The project pack …"
tick 15699: decisions=1 inFlight=1 pending=0 actors=agent-1788551748303649-1:0r/0a
    agent-1788551748303649-1 ← : "lib/loop.dart has an off-by-one bug: inBounds must be the INCLUSIVE bound (inBounds(3, 3) is true). The project pack …"
tick 15799: decisions=1 inFlight=1 pending=0 actors=agent-1788551748303649-1:0r/0a
    agent-1788551748303649-1 ← : "lib/loop.dart has an off-by-one bug: inBounds must be the INCLUSIVE bound (inBounds(3, 3) is true). The project pack …"
tick 15899: decisions=1 inFlight=1 pending=0 actors=agent-1788551748303649-1:0r/0a
    agent-1788551748303649-1 ← : "lib/loop.dart has an off-by-one bug: inBounds must be the INCLUSIVE bound (inBounds(3, 3) is true). The project pack …"
tick 15999: decisions=1 inFlight=1 pending=0 actors=agent-1788551748303649-1:0r/0a
    agent-1788551748303649-1 ← : "lib/loop.dart has an off-by-one bug: inBounds must be the INCLUSIVE bound (inBounds(3, 3) is true). The project pack …"
tick 16099: decisions=1 inFlight=1 pending=0 actors=agent-1788551748303649-1:0r/0a
    agent-1788551748303649-1 ← : "lib/loop.dart has an off-by-one bug: inBounds must be the INCLUSIVE bound (inBounds(3, 3) is true). The project pack …"
tick 16199: decisions=1 inFlight=1 pending=0 actors=agent-1788551748303649-1:0r/0a
    agent-1788551748303649-1 ← : "lib/loop.dart has an off-by-one bug: inBounds must be the INCLUSIVE bound (inBounds(3, 3) is true). The project pack …"
tick 16299: decisions=1 inFlight=1 pending=0 actors=agent-1788551748303649-1:0r/0a
    agent-1788551748303649-1 ← : "lib/loop.dart has an off-by-one bug: inBounds must be the INCLUSIVE bound (inBounds(3, 3) is true). The project pack …"
tick 16328: decisions=0 inFlight=0 pending=0 actors=agent-1788551748303649-1:0r/0a


coding_agent run — task: r7e_pack_edit
  backend: apple_foundation_afm
  verdict: PASS
  overhead tokens (system+schemas): 1492
  decisions: 1
  tool rounds (thread beats): 3
  moves: {repo_etl.scan: 1, meaning_zoom: 1, edit_symbol.apply_executable: 1}
  projection tokens (honest spend, Situation.tokensUsed): 2008
  meaning nodes: 4, edges: 7
  wall clock: 51783 ms
  final gate (outer oracle, once): PASS
    check: dart test exit=0
  failure class: -
--- harness pulse (J1.5.3) ---
tick 1 | decisions 0 | in-flight 0 | pending results 0
— agent-1788555008328850-1  [idle]  rounds 0/12 (Σ0)
    last: edit_symbol:{"symbolId":"sym_lib_loop.dart_inBounds","action":"apply_… → ok
--- flight recorder ---
FlightRecorder: 179 pulse(s), ticks 99..17876
tick 15999: decisions=1 inFlight=1 pending=0 actors=agent-1788555008328850-1:0r/0a
    agent-1788555008328850-1 ← : "lib/loop.dart has an off-by-one bug: inBounds must be the INCLUSIVE bound (inBounds(3, 3) is true). The project pack …"
tick 16099: decisions=1 inFlight=1 pending=0 actors=agent-1788555008328850-1:0r/0a
    agent-1788555008328850-1 ← : "lib/loop.dart has an off-by-one bug: inBounds must be the INCLUSIVE bound (inBounds(3, 3) is true). The project pack …"
tick 16199: decisions=1 inFlight=1 pending=0 actors=agent-1788555008328850-1:0r/0a
    agent-1788555008328850-1 ← : "lib/loop.dart has an off-by-one bug: inBounds must be the INCLUSIVE bound (inBounds(3, 3) is true). The project pack …"
tick 16299: decisions=1 inFlight=1 pending=0 actors=agent-1788555008328850-1:0r/0a
    agent-1788555008328850-1 ← : "lib/loop.dart has an off-by-one bug: inBounds must be the INCLUSIVE bound (inBounds(3, 3) is true). The project pack …"
tick 16399: decisions=1 inFlight=1 pending=0 actors=agent-1788555008328850-1:0r/0a
    agent-1788555008328850-1 ← : "lib/loop.dart has an off-by-one bug: inBounds must be the INCLUSIVE bound (inBounds(3, 3) is true). The project pack …"
tick 16499: decisions=1 inFlight=1 pending=0 actors=agent-1788555008328850-1:0r/0a
    agent-1788555008328850-1 ← : "lib/loop.dart has an off-by-one bug: inBounds must be the INCLUSIVE bound (inBounds(3, 3) is true). The project pack …"
tick 16599: decisions=1 inFlight=1 pending=0 actors=agent-1788555008328850-1:0r/0a
    agent-1788555008328850-1 ← : "lib/loop.dart has an off-by-one bug: inBounds must be the INCLUSIVE bound (inBounds(3, 3) is true). The project pack …"
tick 16699: decisions=1 inFlight=1 pending=0 actors=agent-1788555008328850-1:0r/0a
    agent-1788555008328850-1 ← : "lib/loop.dart has an off-by-one bug: inBounds must be the INCLUSIVE bound (inBounds(3, 3) is true). The project pack …"
tick 16799: decisions=1 inFlight=1 pending=0 actors=agent-1788555008328850-1:0r/0a
    agent-1788555008328850-1 ← : "lib/loop.dart has an off-by-one bug: inBounds must be the INCLUSIVE bound (inBounds(3, 3) is true). The project pack …"
tick 16899: decisions=1 inFlight=1 pending=0 actors=agent-1788555008328850-1:0r/0a
    agent-1788555008328850-1 ← : "lib/loop.dart has an off-by-one bug: inBounds must be the INCLUSIVE bound (inBounds(3, 3) is true). The project pack …"
tick 16999: decisions=1 inFlight=1 pending=0 actors=agent-1788555008328850-1:0r/0a
    agent-1788555008328850-1 ← : "lib/loop.dart has an off-by-one bug: inBounds must be the INCLUSIVE bound (inBounds(3, 3) is true). The project pack …"
tick 17099: decisions=1 inFlight=1 pending=0 actors=agent-1788555008328850-1:0r/0a
    agent-1788555008328850-1 ← : "lib/loop.dart has an off-by-one bug: inBounds must be the INCLUSIVE bound (inBounds(3, 3) is true). The project pack …"
tick 17199: decisions=1 inFlight=1 pending=0 actors=agent-1788555008328850-1:0r/0a
    agent-1788555008328850-1 ← : "lib/loop.dart has an off-by-one bug: inBounds must be the INCLUSIVE bound (inBounds(3, 3) is true). The project pack …"
tick 17299: decisions=1 inFlight=1 pending=0 actors=agent-1788555008328850-1:0r/0a
    agent-1788555008328850-1 ← : "lib/loop.dart has an off-by-one bug: inBounds must be the INCLUSIVE bound (inBounds(3, 3) is true). The project pack …"
tick 17399: decisions=1 inFlight=1 pending=0 actors=agent-1788555008328850-1:0r/0a
    agent-1788555008328850-1 ← : "lib/loop.dart has an off-by-one bug: inBounds must be the INCLUSIVE bound (inBounds(3, 3) is true). The project pack …"
tick 17499: decisions=1 inFlight=1 pending=0 actors=agent-1788555008328850-1:0r/0a
    agent-1788555008328850-1 ← : "lib/loop.dart has an off-by-one bug: inBounds must be the INCLUSIVE bound (inBounds(3, 3) is true). The project pack …"
tick 17599: decisions=1 inFlight=1 pending=0 actors=agent-1788555008328850-1:0r/0a
    agent-1788555008328850-1 ← : "lib/loop.dart has an off-by-one bug: inBounds must be the INCLUSIVE bound (inBounds(3, 3) is true). The project pack …"
tick 17699: decisions=1 inFlight=1 pending=0 actors=agent-1788555008328850-1:0r/0a
    agent-1788555008328850-1 ← : "lib/loop.dart has an off-by-one bug: inBounds must be the INCLUSIVE bound (inBounds(3, 3) is true). The project pack …"
tick 17799: decisions=1 inFlight=1 pending=0 actors=agent-1788555008328850-1:0r/0a
    agent-1788555008328850-1 ← : "lib/loop.dart has an off-by-one bug: inBounds must be the INCLUSIVE bound (inBounds(3, 3) is true). The project pack …"
tick 17876: decisions=0 inFlight=0 pending=0 actors=agent-1788555008328850-1:0r/0a


